Component: Arm Compiler for Embedded 6.21 Tool: armlink [5ec1fa00]

==============================================================================

Section Cross References

    startup_stm32f407xx.o(STACK) refers (Special) to heapauxi.o(.text) for __use_two_region_memory
    startup_stm32f407xx.o(HEAP) refers (Special) to heapauxi.o(.text) for __use_two_region_memory
    startup_stm32f407xx.o(RESET) refers (Special) to heapauxi.o(.text) for __use_two_region_memory
    startup_stm32f407xx.o(RESET) refers to startup_stm32f407xx.o(STACK) for __initial_sp
    startup_stm32f407xx.o(RESET) refers to startup_stm32f407xx.o(.text) for Reset_Handler
    startup_stm32f407xx.o(RESET) refers to stm32f4xx_it.o(.text.NMI_Handler) for NMI_Handler
    startup_stm32f407xx.o(RESET) refers to stm32f4xx_it.o(.text.HardFault_Handler) for HardFault_Handler
    startup_stm32f407xx.o(RESET) refers to stm32f4xx_it.o(.text.MemManage_Handler) for MemManage_Handler
    startup_stm32f407xx.o(RESET) refers to stm32f4xx_it.o(.text.BusFault_Handler) for BusFault_Handler
    startup_stm32f407xx.o(RESET) refers to stm32f4xx_it.o(.text.UsageFault_Handler) for UsageFault_Handler
    startup_stm32f407xx.o(RESET) refers to stm32f4xx_it.o(.text.SVC_Handler) for SVC_Handler
    startup_stm32f407xx.o(RESET) refers to stm32f4xx_it.o(.text.DebugMon_Handler) for DebugMon_Handler
    startup_stm32f407xx.o(RESET) refers to stm32f4xx_it.o(.text.PendSV_Handler) for PendSV_Handler
    startup_stm32f407xx.o(RESET) refers to stm32f4xx_it.o(.text.SysTick_Handler) for SysTick_Handler
    startup_stm32f407xx.o(RESET) refers to stm32f4xx_it.o(.text.DMA1_Stream0_IRQHandler) for DMA1_Stream0_IRQHandler
    startup_stm32f407xx.o(RESET) refers to stm32f4xx_it.o(.text.DMA1_Stream2_IRQHandler) for DMA1_Stream2_IRQHandler
    startup_stm32f407xx.o(RESET) refers to stm32f4xx_it.o(.text.DMA1_Stream4_IRQHandler) for DMA1_Stream4_IRQHandler
    startup_stm32f407xx.o(RESET) refers to stm32f4xx_it.o(.text.DMA1_Stream5_IRQHandler) for DMA1_Stream5_IRQHandler
    startup_stm32f407xx.o(RESET) refers to stm32f4xx_it.o(.text.ADC_IRQHandler) for ADC_IRQHandler
    startup_stm32f407xx.o(RESET) refers to stm32f4xx_it.o(.text.CAN1_RX0_IRQHandler) for CAN1_RX0_IRQHandler
    startup_stm32f407xx.o(RESET) refers to stm32f4xx_it.o(.text.CAN1_RX1_IRQHandler) for CAN1_RX1_IRQHandler
    startup_stm32f407xx.o(RESET) refers to stm32f4xx_it.o(.text.USART2_IRQHandler) for USART2_IRQHandler
    startup_stm32f407xx.o(RESET) refers to stm32f4xx_it.o(.text.TIM8_BRK_TIM12_IRQHandler) for TIM8_BRK_TIM12_IRQHandler
    startup_stm32f407xx.o(RESET) refers to stm32f4xx_it.o(.text.TIM8_TRG_COM_TIM14_IRQHandler) for TIM8_TRG_COM_TIM14_IRQHandler
    startup_stm32f407xx.o(RESET) refers to stm32f4xx_it.o(.text.TIM8_CC_IRQHandler) for TIM8_CC_IRQHandler
    startup_stm32f407xx.o(RESET) refers to stm32f4xx_it.o(.text.DMA1_Stream7_IRQHandler) for DMA1_Stream7_IRQHandler
    startup_stm32f407xx.o(RESET) refers to stm32f4xx_it.o(.text.UART4_IRQHandler) for UART4_IRQHandler
    startup_stm32f407xx.o(RESET) refers to stm32f4xx_it.o(.text.UART5_IRQHandler) for UART5_IRQHandler
    startup_stm32f407xx.o(RESET) refers to stm32f4xx_it.o(.text.DMA2_Stream1_IRQHandler) for DMA2_Stream1_IRQHandler
    startup_stm32f407xx.o(RESET) refers to stm32f4xx_it.o(.text.DMA2_Stream6_IRQHandler) for DMA2_Stream6_IRQHandler
    startup_stm32f407xx.o(RESET) refers to stm32f4xx_it.o(.text.USART6_IRQHandler) for USART6_IRQHandler
    startup_stm32f407xx.o(.text) refers (Special) to heapauxi.o(.text) for __use_two_region_memory
    startup_stm32f407xx.o(.text) refers to system_stm32f4xx.o(.text.SystemInit) for SystemInit
    startup_stm32f407xx.o(.text) refers to __main.o(!!!main) for __main
    startup_stm32f407xx.o(.text) refers to startup_stm32f407xx.o(HEAP) for Heap_Mem
    startup_stm32f407xx.o(.text) refers to startup_stm32f407xx.o(STACK) for Stack_Mem
    main.o(.text.main) refers to stm32f4xx_hal.o(.text.HAL_Init) for HAL_Init
    main.o(.text.main) refers to main.o(.text.SystemClock_Config) for SystemClock_Config
    main.o(.text.main) refers to gpio.o(.text.MX_GPIO_Init) for MX_GPIO_Init
    main.o(.text.main) refers to dma.o(.text.MX_DMA_Init) for MX_DMA_Init
    main.o(.text.main) refers to tim.o(.text.MX_TIM1_Init) for MX_TIM1_Init
    main.o(.text.main) refers to tim.o(.text.MX_TIM2_Init) for MX_TIM2_Init
    main.o(.text.main) refers to tim.o(.text.MX_TIM3_Init) for MX_TIM3_Init
    main.o(.text.main) refers to tim.o(.text.MX_TIM4_Init) for MX_TIM4_Init
    main.o(.text.main) refers to tim.o(.text.MX_TIM5_Init) for MX_TIM5_Init
    main.o(.text.main) refers to can.o(.text.MX_CAN1_Init) for MX_CAN1_Init
    main.o(.text.main) refers to tim.o(.text.MX_TIM9_Init) for MX_TIM9_Init
    main.o(.text.main) refers to tim.o(.text.MX_TIM10_Init) for MX_TIM10_Init
    main.o(.text.main) refers to tim.o(.text.MX_TIM11_Init) for MX_TIM11_Init
    main.o(.text.main) refers to tim.o(.text.MX_TIM8_Init) for MX_TIM8_Init
[...]
    __aeabi_fneg                             0x0800d3ad   Thumb Code     0  basic.o(x$fpl$basic)
    _fneg                                    0x0800d3ad   Thumb Code     6  basic.o(x$fpl$basic)
    _dabs                                    0x0800d3b3   Thumb Code     6  basic.o(x$fpl$basic)
    _fabs                                    0x0800d3b9   Thumb Code     6  basic.o(x$fpl$basic)
    __aeabi_d2f                              0x0800d3c1   Thumb Code     0  d2f.o(x$fpl$d2f)
    _d2f                                     0x0800d3c1   Thumb Code    98  d2f.o(x$fpl$d2f)
    __aeabi_dadd                             0x0800d425   Thumb Code     0  daddsub_clz.o(x$fpl$dadd)
    _dadd                                    0x0800d425   Thumb Code   332  daddsub_clz.o(x$fpl$dadd)
    __fpl_dcheck_NaN1                        0x0800d575   Thumb Code    10  dcheck1.o(x$fpl$dcheck1)
    __fpl_dcmp_Inf                           0x0800d585   Thumb Code    24  dcmpi.o(x$fpl$dcmpinf)
    __aeabi_ddiv                             0x0800d59d   Thumb Code     0  ddiv.o(x$fpl$ddiv)
    _ddiv                                    0x0800d59d   Thumb Code   556  ddiv.o(x$fpl$ddiv)
    __aeabi_i2d                              0x0800d851   Thumb Code     0  dflt_clz.o(x$fpl$dflt)
    _dflt                                    0x0800d851   Thumb Code    46  dflt_clz.o(x$fpl$dflt)
    __aeabi_cdcmple                          0x0800d881   Thumb Code     0  dleqf.o(x$fpl$dleqf)
    _dcmple                                  0x0800d881   Thumb Code   120  dleqf.o(x$fpl$dleqf)
    __fpl_dcmple_InfNaN                      0x0800d8e3   Thumb Code     0  dleqf.o(x$fpl$dleqf)
    __aeabi_dmul                             0x0800d8f9   Thumb Code     0  dmul.o(x$fpl$dmul)
    _dmul                                    0x0800d8f9   Thumb Code   332  dmul.o(x$fpl$dmul)
    __fpl_dnaninf                            0x0800da4d   Thumb Code   156  dnaninf.o(x$fpl$dnaninf)
    __fpl_dretinf                            0x0800dae9   Thumb Code    12  dretinf.o(x$fpl$dretinf)
    __aeabi_cdrcmple                         0x0800daf5   Thumb Code     0  drleqf.o(x$fpl$drleqf)
    _drcmple                                 0x0800daf5   Thumb Code   108  drleqf.o(x$fpl$drleqf)
    __aeabi_drsub                            0x0800db61   Thumb Code     0  daddsub_clz.o(x$fpl$drsb)
    _drsb                                    0x0800db61   Thumb Code    22  daddsub_clz.o(x$fpl$drsb)
    _dsqrt                                   0x0800db79   Thumb Code   404  dsqrt_umaal.o(x$fpl$dsqrt)
    __aeabi_dsub                             0x0800dd11   Thumb Code     0  daddsub_clz.o(x$fpl$dsub)
    _dsub                                    0x0800dd11   Thumb Code   472  daddsub_clz.o(x$fpl$dsub)
    __aeabi_f2d                              0x0800deed   Thumb Code     0  f2d.o(x$fpl$f2d)
    _f2d                                     0x0800deed   Thumb Code    86  f2d.o(x$fpl$f2d)
    __fpl_fnaninf                            0x0800df43   Thumb Code   140  fnaninf.o(x$fpl$fnaninf)
    _fp_init                                 0x0800dfcf   Thumb Code    26  fpinit.o(x$fpl$fpinit)
    __fplib_config_fpu_vfp                   0x0800dfe7   Thumb Code     0  fpinit.o(x$fpl$fpinit)
    __fplib_config_pureend_doubles           0x0800dfe7   Thumb Code     0  fpinit.o(x$fpl$fpinit)
    __fpl_fretinf                            0x0800dfe9   Thumb Code    10  fretinf.o(x$fpl$fretinf)
    __fpl_return_NaN                         0x0800dff3   Thumb Code   100  retnan.o(x$fpl$retnan)
    __ARM_scalbn                             0x0800e057   Thumb Code    92  scalbn.o(x$fpl$scalbn)
    __fpl_cmpreturn                          0x0800e0b3   Thumb Code    48  trapv.o(x$fpl$trapveneer)
    __I$use$fp                               0x0800e0e2   Number         0  usenofp.o(x$fpl$usenofp)
    __mathlib_zero                           0x0800e170   Data           8  qnan.o(.constdata)
    AHBPrescTable                            0x0800e178   Data          16  system_stm32f4xx.o(.rodata.AHBPrescTable)
    APBPrescTable                            0x0800e188   Data           8  system_stm32f4xx.o(.rodata.APBPrescTable)
    Region$$Table$$Base                      0x0800eee4   Number         0  anon$$obj.o(Region$$Table)
    Region$$Table$$Limit                     0x0800ef04   Number         0  anon$$obj.o(Region$$Table)
    SHT$$INIT_ARRAY$$Base                    0x0800ef04   Number         0  dvc_dwt.o(.init_array)
    SHT$$INIT_ARRAY$$Limit                   0x0800ef0c   Number         0  init_aeabi.o(.init_array)
    K                                        0x20000000   Data           4  ita_car.o(.data.K)
    SystemCoreClock                          0x20000004   Data           4  system_stm32f4xx.o(.data.SystemCoreClock)
    V                                        0x20000008   Data           4  task.o(.data.V)
    uwTickFreq                               0x2000000c   Data           1  stm32f4xx_hal.o(.data.uwTickFreq)
    uwTickPrio                               0x20000010   Data           4  stm32f4xx_hal.o(.data.uwTickPrio)
    __libspace_start                         0x20000018   Data          96  libspace.o(.bss)
    CAN1_0x141_Tx_Data                       0x20000078   Data           8  drv_can.o(.bss.CAN1_0x141_Tx_Data)
    __temporary_stack_top$libspace           0x20000078   Data           0  libspace.o(.bss)
    CAN1_0x142_Tx_Data                       0x20000080   Data           8  drv_can.o(.bss.CAN1_0x142_Tx_Data)
    CAN1_0x143_Tx_Data                       0x20000088   Data           8  drv_can.o(.bss.CAN1_0x143_Tx_Data)
    CAN1_0x144_Tx_Data                       0x20000090   Data           8  drv_can.o(.bss.CAN1_0x144_Tx_Data)
    CAN1_0x145_Tx_Data                       0x20000098   Data           8  drv_can.o(.bss.CAN1_0x145_Tx_Data)
    CAN1_0x146_Tx_Data                       0x200000a0   Data           8  drv_can.o(.bss.CAN1_0x146_Tx_Data)
    CAN1_0x147_Tx_Data                       0x200000a8   Data           8  drv_can.o(.bss.CAN1_0x147_Tx_Data)
    CAN1_0x148_Tx_Data                       0x200000b0   Data           8  drv_can.o(.bss.CAN1_0x148_Tx_Data)
    CAN1_Manage_Object                       0x200000b8   Data          44  drv_can.o(.bss.CAN1_Manage_Object)
    CAN2_Manage_Object                       0x200000e4   Data          44  drv_can.o(.bss.CAN2_Manage_Object)
    CPU_FREQ_Hz                              0x20000110   Data           4  drv_dwt.o(.bss.CPU_FREQ_Hz)
    CPU_FREQ_Hz_ms                           0x20000114   Data           4  drv_dwt.o(.bss.CPU_FREQ_Hz_ms)
    CPU_FREQ_Hz_us                           0x20000118   Data           4  drv_dwt.o(.bss.CPU_FREQ_Hz_us)
    CYCCNT_LAST                              0x2000011c   Data           4  drv_dwt.o(.bss.CYCCNT_LAST)
    CYCCNT_RountCount                        0x20000120   Data           4  drv_dwt.o(.bss.CYCCNT_RountCount)
    CanRxFifo                                0x20000124   Data          56  dvc_n100.o(.bss.CanRxFifo)
    EoCar                                    0x2000015c   Data        5168  task.o(.bss.EoCar)
    FPS                                      0x2000158c   Data           4  task.o(.bss.FPS)
    Power_Data                               0x20001590   Data           2  task.o(.bss.Power_Data)
    TIM10_Manage_Object                      0x20001594   Data           8  drv_tim.o(.bss.TIM10_Manage_Object)
    TIM11_Manage_Object                      0x2000159c   Data           8  drv_tim.o(.bss.TIM11_Manage_Object)
    TIM12_Manage_Object                      0x200015a4   Data           8  drv_tim.o(.bss.TIM12_Manage_Object)
    TIM13_Manage_Object                      0x200015ac   Data           8  drv_tim.o(.bss.TIM13_Manage_Object)
    TIM14_Manage_Object                      0x200015b4   Data           8  drv_tim.o(.bss.TIM14_Manage_Object)
    TIM1_Manage_Object                       0x200015bc   Data           8  drv_tim.o(.bss.TIM1_Manage_Object)
    TIM2_Manage_Object                       0x200015c4   Data           8  drv_tim.o(.bss.TIM2_Manage_Object)
    TIM3_Manage_Object                       0x200015cc   Data           8  drv_tim.o(.bss.TIM3_Manage_Object)
    TIM4_Manage_Object                       0x200015d4   Data           8  drv_tim.o(.bss.TIM4_Manage_Object)
    TIM5_Manage_Object                       0x200015dc   Data           8  drv_tim.o(.bss.TIM5_Manage_Object)
    TIM6_Manage_Object                       0x200015e4   Data           8  drv_tim.o(.bss.TIM6_Manage_Object)
    TIM7_Manage_Object                       0x200015ec   Data           8  drv_tim.o(.bss.TIM7_Manage_Object)
    TIM8_Manage_Object                       0x200015f4   Data           8  drv_tim.o(.bss.TIM8_Manage_Object)
    TIM9_Manage_Object                       0x200015fc   Data           8  drv_tim.o(.bss.TIM9_Manage_Object)
    Time_count                               0x20001608   Data           8  ita_car.o(.bss.Time_count)
    UART1_Manage_Object                      0x20001610   Data        1040  drv_uart.o(.bss.UART1_Manage_Object)
    UART2_Manage_Object                      0x20001a20   Data        1040  drv_uart.o(.bss.UART2_Manage_Object)
    UART3_Manage_Object                      0x20001e30   Data        1040  drv_uart.o(.bss.UART3_Manage_Object)
    UART4_Manage_Object                      0x20002240   Data        1040  drv_uart.o(.bss.UART4_Manage_Object)
    UART5_Manage_Object                      0x20002650   Data        1040  drv_uart.o(.bss.UART5_Manage_Object)
    UART6_Manage_Object                      0x20002a60   Data        1040  drv_uart.o(.bss.UART6_Manage_Object)
    acc_flag                                 0x20002e90   Data           1  dvc_n100.o(.bss.acc_flag)
    cnt_now                                  0x20002e94   Data           4  dvc_dwt.o(.bss.cnt_now)
    data_num                                 0x20002e98   Data           1  dvc_n100.o(.bss.data_num)
    flag_3                                   0x20002e99   Data           1  ita_car.o(.bss.flag_3)
    hadc1                                    0x20002e9c   Data          72  adc.o(.bss.hadc1)
    hcan1                                    0x20002ee4   Data          40  can.o(.bss.hcan1)
    hdma_uart4_rx                            0x20002f0c   Data          96  usart.o(.bss.hdma_uart4_rx)
    hdma_uart4_tx                            0x20002f6c   Data          96  usart.o(.bss.hdma_uart4_tx)
    hdma_uart5_rx                            0x20002fcc   Data          96  usart.o(.bss.hdma_uart5_rx)
    hdma_uart5_tx                            0x2000302c   Data          96  usart.o(.bss.hdma_uart5_tx)
    hdma_usart2_rx                           0x2000308c   Data          96  usart.o(.bss.hdma_usart2_rx)
    hdma_usart6_rx                           0x200030ec   Data          96  usart.o(.bss.hdma_usart6_rx)
    hdma_usart6_tx                           0x2000314c   Data          96  usart.o(.bss.hdma_usart6_tx)
    hi2c2                                    0x200031ac   Data          84  i2c.o(.bss.hi2c2)
    htim1                                    0x20003200   Data          72  tim.o(.bss.htim1)
    htim10                                   0x20003248   Data          72  tim.o(.bss.htim10)
    htim11                                   0x20003290   Data          72  tim.o(.bss.htim11)
    htim12                                   0x200032d8   Data          72  tim.o(.bss.htim12)
    htim14                                   0x20003320   Data          72  tim.o(.bss.htim14)
    htim2                                    0x20003368   Data          72  tim.o(.bss.htim2)
    htim3                                    0x200033b0   Data          72  tim.o(.bss.htim3)
    htim4                                    0x200033f8   Data          72  tim.o(.bss.htim4)
    htim5                                    0x20003440   Data          72  tim.o(.bss.htim5)
    htim8                                    0x20003488   Data          72  tim.o(.bss.htim8)
    htim9                                    0x200034d0   Data          72  tim.o(.bss.htim9)
    huart2                                   0x20003518   Data          72  usart.o(.bss.huart2)
    huart4                                   0x20003560   Data          72  usart.o(.bss.huart4)
    huart5                                   0x200035a8   Data          72  usart.o(.bss.huart5)
    huart6                                   0x200035f0   Data          72  usart.o(.bss.huart6)
    last_cnt                                 0x20003638   Data           4  task.o(.bss.last_cnt)
    last_count                               0x2000363c   Data           1  dvc_n100.o(.bss.last_count)
    uwTick                                   0x20003640   Data           4  stm32f4xx_hal.o(.bss.uwTick)



==============================================================================

Memory Map of the image

  Image Entry point : 0x08000189

  Load Region LR_IROM1 (Base: 0x08000000, Size: 0x0000ef28, Max: 0x00080000, ABSOLUTE)

    Execution Region ER_IROM1 (Exec base: 0x08000000, Load base: 0x08000000, Size: 0x0000ef0c, Max: 0x00080000, ABSOLUTE)

    Exec Addr    Load Addr    Size         Type   Attr      Idx    E Section Name        Object

    0x08000000   0x08000000   0x00000188   Data   RO            3    RESET               startup_stm32f407xx.o
    0x08000188   0x08000188   0x00000008   Code   RO         2390  * !!!main             c_w.l(__main.o)
    0x08000190   0x08000190   0x0000005c   Code   RO         2778    !!!scatter          c_w.l(__scatter.o)
    0x080001ec   0x080001ec   0x0000001a   Code   RO         2782    !!handler_copy      c_w.l(__scatter_copy.o)
    0x08000206   0x08000206   0x00000002   PAD
    0x08000208   0x08000208   0x00000002   Code   RO         2779    !!handler_null      c_w.l(__scatter.o)
    0x0800020a   0x0800020a   0x00000002   PAD
    0x0800020c   0x0800020c   0x0000001c   Code   RO         2784    !!handler_zi        c_w.l(__scatter_zi.o)
    0x08000228   0x08000228   0x00000002   Code   RO         2699    .ARM.Collect$$libinit$$00000000  c_w.l(libinit.o)
    0x0800022a   0x0800022a   0x00000004   Code   RO         2493    .ARM.Collect$$libinit$$00000001  c_w.l(libinit2.o)
    0x0800022e   0x0800022e   0x00000000   Code   RO         2496    .ARM.Collect$$libinit$$00000004  c_w.l(libinit2.o)
    0x0800022e   0x0800022e   0x00000000   Code   RO         2498    .ARM.Collect$$libinit$$00000006  c_w.l(libinit2.o)
    0x0800022e   0x0800022e   0x00000000   Code   RO         2501    .ARM.Collect$$libinit$$0000000C  c_w.l(libinit2.o)
    0x0800022e   0x0800022e   0x00000000   Code   RO         2503    .ARM.Collect$$libinit$$0000000E  c_w.l(libinit2.o)
    0x0800022e   0x0800022e   0x00000000   Code   RO         2505    .ARM.Collect$$libinit$$00000010  c_w.l(libinit2.o)
    0x0800022e   0x0800022e   0x00000000   Code   RO         2508    .ARM.Collect$$libinit$$00000013  c_w.l(libinit2.o)
    0x0800022e   0x0800022e   0x00000000   Code   RO         2510    .ARM.Collect$$libinit$$00000015  c_w.l(libinit2.o)
    0x0800022e   0x0800022e   0x00000000   Code   RO         2512    .ARM.Collect$$libinit$$00000017  c_w.l(libinit2.o)
    0x0800022e   0x0800022e   0x00000000   Code   RO         2514    .ARM.Collect$$libinit$$00000019  c_w.l(libinit2.o)
    0x0800022e   0x0800022e   0x00000000   Code   RO         2516    .ARM.Collect$$libinit$$0000001B  c_w.l(libinit2.o)
    0x0800022e   0x0800022e   0x00000000   Code   RO         2518    .ARM.Collect$$libinit$$0000001D  c_w.l(libinit2.o)
    0x0800022e   0x0800022e   0x00000000   Code   RO         2520    .ARM.Collect$$libinit$$0000001F  c_w.l(libinit2.o)
    0x0800022e   0x0800022e   0x00000000   Code   RO         2522    .ARM.Collect$$libinit$$00000021  c_w.l(libinit2.o)
    0x0800022e   0x0800022e   0x00000000   Code   RO         2524    .ARM.Collect$$libinit$$00000023  c_w.l(libinit2.o)
    0x0800022e   0x0800022e   0x00000000   Code   RO         2526    .ARM.Collect$$libinit$$00000025  c_w.l(libinit2.o)
    0x0800022e   0x0800022e   0x00000000   Code   RO         2528    .ARM.Collect$$libinit$$00000027  c_w.l(libinit2.o)
    0x0800022e   0x0800022e   0x00000000   Code   RO         2532    .ARM.Collect$$libinit$$0000002E  c_w.l(libinit2.o)
    0x0800022e   0x0800022e   0x00000000   Code   RO         2534    .ARM.Collect$$libinit$$00000030  c_w.l(libinit2.o)
    0x0800022e   0x0800022e   0x00000000   Code   RO         2536    .ARM.Collect$$libinit$$00000032  c_w.l(libinit2.o)
    0x0800022e   0x0800022e   0x00000004   Code   RO         2537    .ARM.Collect$$libinit$$00000033  c_w.l(libinit2.o)
    0x08000232   0x08000232   0x00000000   Code   RO         2538    .ARM.Collect$$libinit$$00000034  c_w.l(libinit2.o)
    0x08000232   0x08000232   0x00000002   Code   RO         2539    .ARM.Collect$$libinit$$00000035  c_w.l(libinit2.o)
    0x08000234   0x08000234   0x00000002   Code   RO         2748    .ARM.Collect$$libshutdown$$00000000  c_w.l(libshutdown.o)
    0x08000236   0x08000236   0x00000000   Code   RO         2762    .ARM.Collect$$libshutdown$$00000002  c_w.l(libshutdown2.o)
    0x08000236   0x08000236   0x00000000   Code   RO         2764    .ARM.Collect$$libshutdown$$00000004  c_w.l(libshutdown2.o)
    0x08000236   0x08000236   0x00000000   Code   RO         2767    .ARM.Collect$$libshutdown$$00000007  c_w.l(libshutdown2.o)
    0x08000236   0x08000236   0x00000000   Code   RO         2770    .ARM.Collect$$libshutdown$$0000000A  c_w.l(libshutdown2.o)
    0x08000236   0x08000236   0x00000000   Code   RO         2772    .ARM.Collect$$libshutdown$$0000000C  c_w.l(libshutdown2.o)
    0x08000236   0x08000236   0x00000000   Code   RO         2775    .ARM.Collect$$libshutdown$$0000000F  c_w.l(libshutdown2.o)
    0x08000236   0x08000236   0x00000002   Code   RO         2776    .ARM.Collect$$libshutdown$$00000010  c_w.l(libshutdown2.o)
    0x08000238   0x08000238   0x00000000   Code   RO         2484    .ARM.Collect$$rtentry$$00000000  c_w.l(__rtentry.o)
    0x08000238   0x08000238   0x00000000   Code   RO         2638    .ARM.Collect$$rtentry$$00000002  c_w.l(__rtentry2.o)
    0x08000238   0x08000238   0x00000006   Code   RO         2650    .ARM.Collect$$rtentry$$00000004  c_w.l(__rtentry4.o)
    0x0800023e   0x0800023e   0x00000000   Code   RO         2640    .ARM.Collect$$rtentry$$00000009  c_w.l(__rtentry2.o)
    0x0800023e   0x0800023e   0x00000004   Code   RO         2641    .ARM.Collect$$rtentry$$0000000A  c_w.l(__rtentry2.o)
    0x08000242   0x08000242   0x00000000   Code   RO         2643    .ARM.Collect$$rtentry$$0000000C  c_w.l(__rtentry2.o)
    0x08000242   0x08000242   0x00000008   Code   RO         2644    .ARM.Collect$$rtentry$$0000000D  c_w.l(__rtentry2.o)
    0x0800024a   0x0800024a   0x00000002   Code   RO         2709    .ARM.Collect$$rtexit$$00000000  c_w.l(rtexit.o)
    0x0800024c   0x0800024c   0x00000000   Code   RO         2728    .ARM.Collect$$rtexit$$00000002  c_w.l(rtexit2.o)
    0x0800024c   0x0800024c   0x00000004   Code   RO         2729    .ARM.Collect$$rtexit$$00000003  c_w.l(rtexit2.o)
    0x08000250   0x08000250   0x00000006   Code   RO         2730    .ARM.Collect$$rtexit$$00000004  c_w.l(rtexit2.o)
    0x08000256   0x08000256   0x00000002   PAD
    0x08000258   0x08000258   0x00000040   Code   RO            4    .text               startup_stm32f407xx.o
    0x08000298   0x08000298   0x000000f0   Code   RO         2382    .text               c_w.l(lludivv7m.o)
    0x08000388   0x08000388   0x0000008a   Code   RO         2384    .text               c_w.l(rt_memcpy_v6.o)
    0x08000412   0x08000412   0x0000004e   Code   RO         2386    .text               c_w.l(rt_memclr_w.o)
    0x08000460   0x08000460   0x00000006   Code   RO         2388    .text               c_w.l(heapauxi.o)
    0x08000466   0x08000466   0x00000002   PAD
    0x08000468   0x08000468   0x0000002c   Code   RO         2395    .text               c_w.l(init_aeabi.o)
    0x08000494   0x08000494   0x00000016   Code   RO         2489    .text               c_w.l(_rserrno.o)
    0x080004aa   0x080004aa   0x00000064   Code   RO         2491    .text               c_w.l(rt_memcpy_w.o)
    0x0800050e   0x0800050e   0x00000002   PAD
    0x08000510   0x08000510   0x00000008   Code   RO         2657    .text               c_w.l(rt_errno_addr_intlibspace.o)
    0x08000518   0x08000518   0x00000016   Code   RO         2659    .text               c_w.l(abort.o)
    0x0800052e   0x0800052e   0x00000002   PAD
    0x08000530   0x08000530   0x0000000c   Code   RO         2671    .text               c_w.l(sys_exit.o)
    0x0800053c   0x0800053c   0x00000008   Code   RO         2675    .text               c_w.l(libspace.o)
    0x08000544   0x08000544   0x0000004a   Code   RO         2678    .text               c_w.l(sys_stackheap_outer.o)
    0x0800058e   0x0800058e   0x00000012   Code   RO         2680    .text               c_w.l(exit.o)
    0x080005a0   0x080005a0   0x0000000e   Code   RO         2682    .text               c_w.l(defsig_abrt_outer.o)
    0x080005ae   0x080005ae   0x00000002   Code   RO         2706    .text               c_w.l(use_no_semi.o)
    0x080005b0   0x080005b0   0x00000000   Code   RO         2708    .text               c_w.l(indicate_semi.o)
    0x080005b0   0x080005b0   0x0000000a   Code   RO         2715    .text               c_w.l(defsig_exit.o)
    0x080005ba   0x080005ba   0x00000002   PAD
    0x080005bc   0x080005bc   0x00000030   Code   RO         2717    .text               c_w.l(defsig_abrt_inner.o)
    0x080005ec   0x080005ec   0x00000032   Code   RO         2736    .text               c_w.l(defsig_general.o)
    0x0800061e   0x0800061e   0x0000000e   Code   RO         2740    .text               c_w.l(sys_wrch.o)
    0x0800062c   0x0800062c   0x00000010   Code   RO          189    .text.ADC_IRQHandler  stm32f4xx_it.o
    0x0800063c   0x0800063c   0x0000018a   Code   RO          234    .text.ADC_Init      stm32f4xx_hal_adc.o
    0x080007c6   0x080007c6   0x00000002   PAD
    0x080007c8   0x080007c8   0x00000004   Code   RO          169    .text.BusFault_Handler  stm32f4xx_it.o
    0x080007cc   0x080007cc   0x00000010   Code   RO          191    .text.CAN1_RX0_IRQHandler  stm32f4xx_it.o
    0x080007dc   0x080007dc   0x00000010   Code   RO          193    .text.CAN1_RX1_IRQHandler  stm32f4xx_it.o
    0x080007ec   0x080007ec   0x00000010   Code   RO          181    .text.DMA1_Stream0_IRQHandler  stm32f4xx_it.o
    0x080007fc   0x080007fc   0x00000010   Code   RO          183    .text.DMA1_Stream2_IRQHandler  stm32f4xx_it.o
    0x0800080c   0x0800080c   0x00000010   Code   RO          185    .text.DMA1_Stream4_IRQHandler  stm32f4xx_it.o
    0x0800081c   0x0800081c   0x00000010   Code   RO          187    .text.DMA1_Stream5_IRQHandler  stm32f4xx_it.o
    0x0800082c   0x0800082c   0x00000010   Code   RO          203    .text.DMA1_Stream7_IRQHandler  stm32f4xx_it.o
    0x0800083c   0x0800083c   0x00000010   Code   RO          209    .text.DMA2_Stream1_IRQHandler  stm32f4xx_it.o
    0x0800084c   0x0800084c   0x00000010   Code   RO          211    .text.DMA2_Stream6_IRQHandler  stm32f4xx_it.o
    0x0800085c   0x0800085c   0x00000056   Code   RO          505    .text.DMA_CalcBaseAndBitshift  stm32f4xx_hal_dma.o
    0x080008b2   0x080008b2   0x00000002   PAD
    0x080008b4   0x080008b4   0x000000f0   Code   RO          503    .text.DMA_CheckFifoParam  stm32f4xx_hal_dma.o
    0x080009a4   0x080009a4   0x00000050   Code   RO          511    .text.DMA_SetConfig  stm32f4xx_hal_dma.o
    0x080009f4   0x080009f4   0x00000002   Code   RO          175    .text.DebugMon_Handler  stm32f4xx_it.o
    0x080009f6   0x080009f6   0x00000002   PAD
    0x080009f8   0x080009f8   0x00000006   Code   RO           15    .text.Error_Handler  main.o
    0x080009fe   0x080009fe   0x00000002   PAD
    0x08000a00   0x08000a00   0x00000008   Code   RO          313    .text.HAL_ADCEx_InjectedConvCpltCallback  stm32f4xx_hal_adc_ex.o
    0x08000a08   0x08000a08   0x00000218   Code   RO          274    .text.HAL_ADC_ConfigChannel  stm32f4xx_hal_adc.o
    0x08000c20   0x08000c20   0x00000078   Code   RO         2199    .text.HAL_ADC_ConvCpltCallback  task.o
    0x08000c98   0x08000c98   0x00000008   Code   RO          258    .text.HAL_ADC_ErrorCallback  stm32f4xx_hal_adc.o
    0x08000ca0   0x08000ca0   0x0000000e   Code   RO          270    .text.HAL_ADC_GetValue  stm32f4xx_hal_adc.o
    0x08000cae   0x08000cae   0x00000002   PAD
    0x08000cb0   0x08000cb0   0x0000021c   Code   RO          252    .text.HAL_ADC_IRQHandler  stm32f4xx_hal_adc.o
    0x08000ecc   0x08000ecc   0x000000a8   Code   RO          230    .text.HAL_ADC_Init  stm32f4xx_hal_adc.o
    0x08000f74   0x08000f74   0x00000008   Code   RO          256    .text.HAL_ADC_LevelOutOfWindowCallback  stm32f4xx_hal_adc.o
    0x08000f7c   0x08000f7c   0x0000009c   Code   RO           35    .text.HAL_ADC_MspInit  adc.o
    0x08001018   0x08001018   0x000001e0   Code   RO          248    .text.HAL_ADC_Start_IT  stm32f4xx_hal_adc.o
    0x080011f8   0x080011f8   0x00000052   Code   RO          799    .text.HAL_CAN_ActivateNotification  stm32f4xx_hal_can.o
    0x0800124a   0x0800124a   0x00000002   PAD
    0x0800124c   0x0800124c   0x0000019e   Code   RO          775    .text.HAL_CAN_ConfigFilter  stm32f4xx_hal_can.o
    0x080013ea   0x080013ea   0x00000002   PAD
    0x080013ec   0x080013ec   0x00000008   Code   RO          829    .text.HAL_CAN_ErrorCallback  stm32f4xx_hal_can.o
    0x080013f4   0x080013f4   0x00000212   Code   RO          795    .text.HAL_CAN_GetRxMessage  stm32f4xx_hal_can.o
    0x08001606   0x08001606   0x00000002   PAD
    0x08001608   0x08001608   0x000003f2   Code   RO          803    .text.HAL_CAN_IRQHandler  stm32f4xx_hal_can.o
    0x080019fa   0x080019fa   0x00000002   PAD
    0x080019fc   0x080019fc   0x000001de   Code   RO          765    .text.HAL_CAN_Init  stm32f4xx_hal_can.o
    0x08001bda   0x08001bda   0x00000002   PAD
    0x08001bdc   0x08001bdc   0x000000b4   Code   RO           49    .text.HAL_CAN_MspInit  can.o
    0x08001c90   0x08001c90   0x00000008   Code   RO          817    .text.HAL_CAN_RxFifo0FullCallback  stm32f4xx_hal_can.o
    0x08001c98   0x08001c98   0x00000078   Code   RO         1906    .text.HAL_CAN_RxFifo0MsgPendingCallback  drv_can.o
    0x08001d10   0x08001d10   0x00000008   Code   RO          821    .text.HAL_CAN_RxFifo1FullCallback  stm32f4xx_hal_can.o
    0x08001d18   0x08001d18   0x00000078   Code   RO         1908    .text.HAL_CAN_RxFifo1MsgPendingCallback  drv_can.o
    0x08001d90   0x08001d90   0x00000008   Code   RO          825    .text.HAL_CAN_SleepCallback  stm32f4xx_hal_can.o
    0x08001d98   0x08001d98   0x0000008a   Code   RO          777    .text.HAL_CAN_Start  stm32f4xx_hal_can.o
    0x08001e22   0x08001e22   0x00000002   PAD
    0x08001e24   0x08001e24   0x00000008   Code   RO          807    .text.HAL_CAN_TxMailbox0AbortCallback  stm32f4xx_hal_can.o
    0x08001e2c   0x08001e2c   0x00000008   Code   RO          805    .text.HAL_CAN_TxMailbox0CompleteCallback  stm32f4xx_hal_can.o
    0x08001e34   0x08001e34   0x00000008   Code   RO          811    .text.HAL_CAN_TxMailbox1AbortCallback  stm32f4xx_hal_can.o
    0x08001e3c   0x08001e3c   0x00000008   Code   RO          809    .text.HAL_CAN_TxMailbox1CompleteCallback  stm32f4xx_hal_can.o
    0x08001e44   0x08001e44   0x00000008   Code   RO          815    .text.HAL_CAN_TxMailbox2AbortCallback  stm32f4xx_hal_can.o
    0x08001e4c   0x08001e4c   0x00000008   Code   RO          813    .text.HAL_CAN_TxMailbox2CompleteCallback  stm32f4xx_hal_can.o
    0x08001e54   0x08001e54   0x00000008   Code   RO          827    .text.HAL_CAN_WakeUpFromRxMsgCallback  stm32f4xx_hal_can.o
    0x08001e5c   0x08001e5c   0x000000ec   Code   RO          515    .text.HAL_DMA_Abort  stm32f4xx_hal_dma.o
    0x08001f48   0x08001f48   0x00000044   Code   RO          517    .text.HAL_DMA_Abort_IT  stm32f4xx_hal_dma.o
    0x08001f8c   0x08001f8c   0x0000031e   Code   RO          521    .text.HAL_DMA_IRQHandler  stm32f4xx_hal_dma.o
    0x080022aa   0x080022aa   0x00000002   PAD
    0x080022ac   0x080022ac   0x0000016e   Code   RO          501    .text.HAL_DMA_Init  stm32f4xx_hal_dma.o
    0x0800241a   0x0800241a   0x00000002   PAD
    0x0800241c   0x0800241c   0x000000c2   Code   RO          513    .text.HAL_DMA_Start_IT  stm32f4xx_hal_dma.o
    0x080024de   0x080024de   0x00000002   PAD
    0x080024e0   0x080024e0   0x00000042   Code   RO          696    .text.HAL_Delay     stm32f4xx_hal.o
    0x08002522   0x08002522   0x00000002   PAD
    0x08002524   0x08002524   0x000003b6   Code   RO          463    .text.HAL_GPIO_Init  stm32f4xx_hal_gpio.o
    0x080028da   0x080028da   0x00000002   PAD
    0x080028dc   0x080028dc   0x0000002e   Code   RO          467    .text.HAL_GPIO_ReadPin  stm32f4xx_hal_gpio.o
    0x0800290a   0x0800290a   0x00000002   PAD
    0x0800290c   0x0800290c   0x0000002e   Code   RO          469    .text.HAL_GPIO_WritePin  stm32f4xx_hal_gpio.o
    0x0800293a   0x0800293a   0x00000002   PAD
    0x0800293c   0x0800293c   0x0000000c   Code   RO          688    .text.HAL_GetTick   stm32f4xx_hal.o
    0x08002948   0x08002948   0x000002a4   Code   RO          844    .text.HAL_I2C_Init  stm32f4xx_hal_i2c.o
    0x08002bec   0x08002bec   0x00000092   Code   RO           71    .text.HAL_I2C_MspInit  i2c.o
    0x08002c7e   0x08002c7e   0x00000002   PAD
    0x08002c80   0x08002c80   0x0000001a   Code   RO          686    .text.HAL_IncTick   stm32f4xx_hal.o
    0x08002c9a   0x08002c9a   0x00000002   PAD
    0x08002c9c   0x08002c9c   0x00000036   Code   RO          676    .text.HAL_Init      stm32f4xx_hal.o
    0x08002cd2   0x08002cd2   0x00000002   PAD
    0x08002cd4   0x08002cd4   0x00000070   Code   RO          678    .text.HAL_InitTick  stm32f4xx_hal.o
    0x08002d44   0x08002d44   0x0000004a   Code   RO          222    .text.HAL_MspInit   stm32f4xx_hal_msp.o
    0x08002d8e   0x08002d8e   0x00000002   PAD
    0x08002d90   0x08002d90   0x00000014   Code   RO          611    .text.HAL_NVIC_EnableIRQ  stm32f4xx_hal_cortex.o
    0x08002da4   0x08002da4   0x00000032   Code   RO          603    .text.HAL_NVIC_SetPriority  stm32f4xx_hal_cortex.o
    0x08002dd6   0x08002dd6   0x00000002   PAD
    0x08002dd8   0x08002dd8   0x00000010   Code   RO          599    .text.HAL_NVIC_SetPriorityGrouping  stm32f4xx_hal_cortex.o
    0x08002de8   0x08002de8   0x00000262   Code   RO          331    .text.HAL_RCC_ClockConfig  stm32f4xx_hal_rcc.o
    0x0800304a   0x0800304a   0x00000002   PAD
    0x0800304c   0x0800304c   0x0000000c   Code   RO          341    .text.HAL_RCC_GetHCLKFreq  stm32f4xx_hal_rcc.o
    0x08003058   0x08003058   0x00000022   Code   RO          343    .text.HAL_RCC_GetPCLK1Freq  stm32f4xx_hal_rcc.o
    0x0800307a   0x0800307a   0x00000002   PAD
    0x0800307c   0x0800307c   0x00000022   Code   RO          345    .text.HAL_RCC_GetPCLK2Freq  stm32f4xx_hal_rcc.o
    0x0800309e   0x0800309e   0x00000002   PAD
    0x080030a0   0x080030a0   0x000000e6   Code   RO          333    .text.HAL_RCC_GetSysClockFreq  stm32f4xx_hal_rcc.o
    0x08003186   0x08003186   0x00000002   PAD
    0x08003188   0x08003188   0x000006be   Code   RO          329    .text.HAL_RCC_OscConfig  stm32f4xx_hal_rcc.o
    0x08003846   0x08003846   0x00000002   PAD
    0x08003848   0x08003848   0x00000010   Code   RO          623    .text.HAL_SYSTICK_Config  stm32f4xx_hal_cortex.o
    0x08003858   0x08003858   0x00000008   Code   RO         1339    .text.HAL_TIMEx_BreakCallback  stm32f4xx_hal_tim_ex.o
    0x08003860   0x08003860   0x00000008   Code   RO         1335    .text.HAL_TIMEx_CommutCallback  stm32f4xx_hal_tim_ex.o
    0x08003868   0x08003868   0x000000b2   Code   RO         1331    .text.HAL_TIMEx_ConfigBreakDeadTime  stm32f4xx_hal_tim_ex.o
    0x0800391a   0x0800391a   0x00000002   PAD
    0x0800391c   0x0800391c   0x00000122   Code   RO         1329    .text.HAL_TIMEx_MasterConfigSynchronization  stm32f4xx_hal_tim_ex.o
    0x08003a3e   0x08003a3e   0x00000002   PAD
    0x08003a40   0x08003a40   0x0000009c   Code   RO         1016    .text.HAL_TIM_Base_Init  stm32f4xx_hal_tim.o
    0x08003adc   0x08003adc   0x000001ea   Code   RO          107    .text.HAL_TIM_Base_MspInit  tim.o
    0x08003cc6   0x08003cc6   0x00000002   PAD
    0x08003cc8   0x08003cc8   0x000000f6   Code   RO         1030    .text.HAL_TIM_Base_Start_IT  stm32f4xx_hal_tim.o
    0x08003dbe   0x08003dbe   0x00000002   PAD
    0x08003dc0   0x08003dc0   0x00000184   Code   RO         1208    .text.HAL_TIM_ConfigClockSource  stm32f4xx_hal_tim.o
    0x08003f44   0x08003f44   0x00000130   Code   RO         1130    .text.HAL_TIM_Encoder_Init  stm32f4xx_hal_tim.o
    0x08004074   0x08004074   0x0000023c   Code   RO          109    .text.HAL_TIM_Encoder_MspInit  tim.o
    0x080042b0   0x080042b0   0x0000014e   Code   RO         1138    .text.HAL_TIM_Encoder_Start  stm32f4xx_hal_tim.o
    0x080043fe   0x080043fe   0x00000002   PAD
    0x08004400   0x08004400   0x00000008   Code   RO         1152    .text.HAL_TIM_IC_CaptureCallback  stm32f4xx_hal_tim.o
    0x08004408   0x08004408   0x0000021a   Code   RO         1150    .text.HAL_TIM_IRQHandler  stm32f4xx_hal_tim.o
    0x08004622   0x08004622   0x00000002   PAD
    0x08004624   0x08004624   0x000001cc   Code   RO           85    .text.HAL_TIM_MspPostInit  tim.o
    0x080047f0   0x080047f0   0x00000008   Code   RO         1154    .text.HAL_TIM_OC_DelayElapsedCallback  stm32f4xx_hal_tim.o
    0x080047f8   0x080047f8   0x00000142   Code   RO         1182    .text.HAL_TIM_PWM_ConfigChannel  stm32f4xx_hal_tim.o
    0x0800493a   0x0800493a   0x00000002   PAD
    0x0800493c   0x0800493c   0x0000009c   Code   RO         1070    .text.HAL_TIM_PWM_Init  stm32f4xx_hal_tim.o
    0x080049d8   0x080049d8   0x00000008   Code   RO         1072    .text.HAL_TIM_PWM_MspInit  stm32f4xx_hal_tim.o
    0x080049e0   0x080049e0   0x00000008   Code   RO         1156    .text.HAL_TIM_PWM_PulseFinishedCallback  stm32f4xx_hal_tim.o
    0x080049e8   0x080049e8   0x000001ca   Code   RO         1078    .text.HAL_TIM_PWM_Start  stm32f4xx_hal_tim.o
    0x08004bb2   0x08004bb2   0x00000002   PAD
    0x08004bb4   0x08004bb4   0x000001dc   Code   RO         1838    .text.HAL_TIM_PeriodElapsedCallback  drv_tim.o
    0x08004d90   0x08004d90   0x00000008   Code   RO         1160    .text.HAL_TIM_TriggerCallback  stm32f4xx_hal_tim.o
    0x08004d98   0x08004d98   0x000000b8   Code   RO         1406    .text.HAL_UARTEx_ReceiveToIdle_DMA  stm32f4xx_hal_uart.o
    0x08004e50   0x08004e50   0x000001b0   Code   RO         1976    .text.HAL_UARTEx_RxEventCallback  drv_uart.o
    0x08005000   0x08005000   0x000000cc   Code   RO         1396    .text.HAL_UART_DMAStop  stm32f4xx_hal_uart.o
    0x080050cc   0x080050cc   0x00000008   Code   RO         1442    .text.HAL_UART_ErrorCallback  stm32f4xx_hal_uart.o
    0x080050d4   0x080050d4   0x0000045c   Code   RO         1436    .text.HAL_UART_IRQHandler  stm32f4xx_hal_uart.o
    0x08005530   0x08005530   0x0000009e   Code   RO         1352    .text.HAL_UART_Init  stm32f4xx_hal_uart.o
    0x080055ce   0x080055ce   0x00000002   PAD
    0x080055d0   0x080055d0   0x000004f4   Code   RO          141    .text.HAL_UART_MspInit  usart.o
    0x08005ac4   0x08005ac4   0x00000008   Code   RO         1454    .text.HAL_UART_RxCpltCallback  stm32f4xx_hal_uart.o
    0x08005acc   0x08005acc   0x00000008   Code   RO         1456    .text.HAL_UART_RxHalfCpltCallback  stm32f4xx_hal_uart.o
    0x08005ad4   0x08005ad4   0x000000fc   Code   RO         1380    .text.HAL_UART_Transmit_DMA  stm32f4xx_hal_uart.o
    0x08005bd0   0x08005bd0   0x00000008   Code   RO         1450    .text.HAL_UART_TxCpltCallback  stm32f4xx_hal_uart.o
    0x08005bd8   0x08005bd8   0x00000008   Code   RO         1452    .text.HAL_UART_TxHalfCpltCallback  stm32f4xx_hal_uart.o
    0x08005be0   0x08005be0   0x00000004   Code   RO          165    .text.HardFault_Handler  stm32f4xx_it.o
    0x08005be4   0x08005be4   0x00000080   Code   RO           33    .text.MX_ADC1_Init  adc.o
    0x08005c64   0x08005c64   0x0000004e   Code   RO           47    .text.MX_CAN1_Init  can.o
    0x08005cb2   0x08005cb2   0x00000002   PAD
    0x08005cb4   0x08005cb4   0x000000cc   Code   RO           61    .text.MX_DMA_Init   dma.o
    0x08005d80   0x08005d80   0x00000154   Code   RO           25    .text.MX_GPIO_Init  gpio.o
    0x08005ed4   0x08005ed4   0x00000048   Code   RO           69    .text.MX_I2C2_Init  i2c.o
    0x08005f1c   0x08005f1c   0x00000090   Code   RO           99    .text.MX_TIM10_Init  tim.o
    0x08005fac   0x08005fac   0x00000090   Code   RO          101    .text.MX_TIM11_Init  tim.o
    0x0800603c   0x0800603c   0x00000062   Code   RO          103    .text.MX_TIM12_Init  tim.o
    0x0800609e   0x0800609e   0x00000002   PAD
    0x080060a0   0x080060a0   0x00000092   Code   RO          105    .text.MX_TIM14_Init  tim.o
    0x08006132   0x08006132   0x00000002   PAD
    0x08006134   0x08006134   0x0000016a   Code   RO           83    .text.MX_TIM1_Init  tim.o
    0x0800629e   0x0800629e   0x00000002   PAD
    0x080062a0   0x080062a0   0x0000007a   Code   RO           87    .text.MX_TIM2_Init  tim.o
    0x0800631a   0x0800631a   0x00000002   PAD
    0x0800631c   0x0800631c   0x0000007e   Code   RO           89    .text.MX_TIM3_Init  tim.o
    0x0800639a   0x0800639a   0x00000002   PAD
    0x0800639c   0x0800639c   0x0000007e   Code   RO           91    .text.MX_TIM4_Init  tim.o
    0x0800641a   0x0800641a   0x00000002   PAD
    0x0800641c   0x0800641c   0x0000007e   Code   RO           93    .text.MX_TIM5_Init  tim.o
    0x0800649a   0x0800649a   0x00000002   PAD
    0x0800649c   0x0800649c   0x0000008a   Code   RO           95    .text.MX_TIM8_Init  tim.o
    0x08006526   0x08006526   0x00000002   PAD
    0x08006528   0x08006528   0x000000d0   Code   RO           97    .text.MX_TIM9_Init  tim.o
    0x080065f8   0x080065f8   0x00000040   Code   RO          133    .text.MX_UART4_Init  usart.o
    0x08006638   0x08006638   0x00000040   Code   RO          135    .text.MX_UART5_Init  usart.o
    0x08006678   0x08006678   0x00000040   Code   RO          137    .text.MX_USART2_UART_Init  usart.o
    0x080066b8   0x080066b8   0x00000040   Code   RO          139    .text.MX_USART6_UART_Init  usart.o
    0x080066f8   0x080066f8   0x00000004   Code   RO          167    .text.MemManage_Handler  stm32f4xx_it.o
    0x080066fc   0x080066fc   0x00000004   Code   RO          163    .text.NMI_Handler   stm32f4xx_it.o
    0x08006700   0x08006700   0x0000006c   Code   RO          609    .text.NVIC_EncodePriority  stm32f4xx_hal_cortex.o
    0x0800676c   0x0800676c   0x00000002   Code   RO          177    .text.PendSV_Handler  stm32f4xx_it.o
    0x0800676e   0x0800676e   0x00000002   PAD
    0x08006770   0x08006770   0x00000002   Code   RO          173    .text.SVC_Handler   stm32f4xx_it.o
    0x08006772   0x08006772   0x00000002   PAD
    0x08006774   0x08006774   0x00000052   Code   RO          625    .text.SysTick_Config  stm32f4xx_hal_cortex.o
    0x080067c6   0x080067c6   0x00000002   PAD
    0x080067c8   0x080067c8   0x00000008   Code   RO          179    .text.SysTick_Handler  stm32f4xx_it.o
    0x080067d0   0x080067d0   0x000000ba   Code   RO           13    .text.SystemClock_Config  main.o
    0x0800688a   0x0800688a   0x00000002   PAD
    0x0800688c   0x0800688c   0x00000012   Code   RO         1483    .text.SystemInit    system_stm32f4xx.o
    0x0800689e   0x0800689e   0x00000002   PAD
    0x080068a0   0x080068a0   0x0000001c   Code   RO          197    .text.TIM8_BRK_TIM12_IRQHandler  stm32f4xx_it.o
    0x080068bc   0x080068bc   0x00000010   Code   RO          201    .text.TIM8_CC_IRQHandler  stm32f4xx_it.o
    0x080068cc   0x080068cc   0x0000001c   Code   RO          199    .text.TIM8_TRG_COM_TIM14_IRQHandler  stm32f4xx_it.o
    0x080068e8   0x080068e8   0x000001a4   Code   RO         1020    .text.TIM_Base_SetConfig  stm32f4xx_hal_tim.o
    0x08006a8c   0x08006a8c   0x00000036   Code   RO         1054    .text.TIM_CCxChannelCmd  stm32f4xx_hal_tim.o
    0x08006ac2   0x08006ac2   0x00000002   PAD
    0x08006ac4   0x08006ac4   0x00000034   Code   RO         1206    .text.TIM_ETR_SetConfig  stm32f4xx_hal_tim.o
    0x08006af8   0x08006af8   0x0000002a   Code   RO         1212    .text.TIM_ITRx_SetConfig  stm32f4xx_hal_tim.o
    0x08006b22   0x08006b22   0x00000002   PAD
    0x08006b24   0x08006b24   0x00000214   Code   RO         1836    .text.TIM_Init      drv_tim.o
    0x08006d38   0x08006d38   0x000000ea   Code   RO         1164    .text.TIM_OC1_SetConfig  stm32f4xx_hal_tim.o
    0x08006e22   0x08006e22   0x00000002   PAD
    0x08006e24   0x08006e24   0x000000f4   Code   RO         1166    .text.TIM_OC2_SetConfig  stm32f4xx_hal_tim.o
    0x08006f18   0x08006f18   0x000000f2   Code   RO         1168    .text.TIM_OC3_SetConfig  stm32f4xx_hal_tim.o
    0x0800700a   0x0800700a   0x00000002   PAD
    0x0800700c   0x0800700c   0x000000a4   Code   RO         1170    .text.TIM_OC4_SetConfig  stm32f4xx_hal_tim.o
    0x080070b0   0x080070b0   0x00000050   Code   RO         1210    .text.TIM_TI1_ConfigInputStage  stm32f4xx_hal_tim.o
    0x08007100   0x08007100   0x00000052   Code   RO         1214    .text.TIM_TI2_ConfigInputStage  stm32f4xx_hal_tim.o
    0x08007152   0x08007152   0x00000002   PAD
    0x08007154   0x08007154   0x0000012c   Code   RO         2197    .text.Task_Init     task.o
    0x08007280   0x08007280   0x00000010   Code   RO          205    .text.UART4_IRQHandler  stm32f4xx_it.o
    0x08007290   0x08007290   0x00000010   Code   RO          207    .text.UART5_IRQHandler  stm32f4xx_it.o
    0x080072a0   0x080072a0   0x0000001c   Code   RO         1440    .text.UART_DMAAbortOnError  stm32f4xx_hal_uart.o
    0x080072bc   0x080072bc   0x0000007c   Code   RO         1386    .text.UART_DMAError  stm32f4xx_hal_uart.o
    0x08007338   0x08007338   0x000000f4   Code   RO         1472    .text.UART_DMAReceiveCplt  stm32f4xx_hal_uart.o
    0x0800742c   0x0800742c   0x00000034   Code   RO         1474    .text.UART_DMARxHalfCplt  stm32f4xx_hal_uart.o
    0x08007460   0x08007460   0x0000007a   Code   RO         1382    .text.UART_DMATransmitCplt  stm32f4xx_hal_uart.o
    0x080074da   0x080074da   0x00000002   PAD
    0x080074dc   0x080074dc   0x00000016   Code   RO         1384    .text.UART_DMATxHalfCplt  stm32f4xx_hal_uart.o
    0x080074f2   0x080074f2   0x00000002   PAD
    0x080074f4   0x080074f4   0x00000094   Code   RO         1400    .text.UART_EndRxTransfer  stm32f4xx_hal_uart.o
    0x08007588   0x08007588   0x00000026   Code   RO         1448    .text.UART_EndTransmit_IT  stm32f4xx_hal_uart.o
    0x080075ae   0x080075ae   0x00000002   PAD
    0x080075b0   0x080075b0   0x00000036   Code   RO         1398    .text.UART_EndTxTransfer  stm32f4xx_hal_uart.o
    0x080075e6   0x080075e6   0x00000002   PAD
    0x080075e8   0x080075e8   0x00000182   Code   RO         1970    .text.UART_Init     drv_uart.o
    0x0800776a   0x0800776a   0x00000002   PAD
    0x0800776c   0x0800776c   0x00000168   Code   RO         1438    .text.UART_Receive_IT  stm32f4xx_hal_uart.o
    0x080078d4   0x080078d4   0x0000001c   Code   RO         1972    .text.UART_Send_Data  drv_uart.o
    0x080078f0   0x080078f0   0x0000013a   Code   RO         1356    .text.UART_SetConfig  stm32f4xx_hal_uart.o
    0x08007a2a   0x08007a2a   0x00000002   PAD
    0x08007a2c   0x08007a2c   0x00000130   Code   RO         1390    .text.UART_Start_Receive_DMA  stm32f4xx_hal_uart.o
    0x08007b5c   0x08007b5c   0x00000094   Code   RO         1446    .text.UART_Transmit_IT  stm32f4xx_hal_uart.o
    0x08007bf0   0x08007bf0   0x00000010   Code   RO          195    .text.USART2_IRQHandler  stm32f4xx_it.o
    0x08007c00   0x08007c00   0x00000010   Code   RO          213    .text.USART6_IRQHandler  stm32f4xx_it.o
    0x08007c10   0x08007c10   0x00000004   Code   RO          171    .text.UsageFault_Handler  stm32f4xx_it.o
    0x08007c14   0x08007c14   0x00000008   Code   RO         1727    .text._GLOBAL__sub_I_dvc_dwt.cpp  dvc_dwt.o
    0x08007c1c   0x08007c1c   0x00000008   Code   RO         2203    .text._GLOBAL__sub_I_task.cpp  task.o
    0x08007c24   0x08007c24   0x000000e8   Code   RO         1553    .text._Z10DATA_Transhhhh  dvc_n100.o
    0x08007d0c   0x08007d0c   0x0000004c   Code   RO         1707    .text._Z13DWT_GetDeltaTPj  dvc_dwt.o
    0x08007d58   0x08007d58   0x0000004e   Code   RO         1811    .text._Z14Math_ConstrainIfEvPT_S0_S0_  alg_pid.o
    0x08007da6   0x08007da6   0x00000002   PAD
    0x08007da8   0x08007da8   0x0000009c   Code   RO         1520    .text._Z16allocate_tx_dataP17CAN_HandleTypeDef16Enum_LK_Motor_ID  dvc_lkmotor.o
    0x08007e44   0x08007e44   0x0000005a   Code   RO         2191    .text._Z19Task_UART2_CallbackPht  task.o
    0x08007e9e   0x08007e9e   0x00000002   PAD
    0x08007ea0   0x08007ea0   0x00000038   Code   RO         2185    .text._Z19Task_UART4_CallbackPht  task.o
    0x08007ed8   0x08007ed8   0x00000036   Code   RO         2187    .text._Z19Task_UART5_CallbackPht  task.o
    0x08007f0e   0x08007f0e   0x00000002   PAD
    0x08007f10   0x08007f10   0x00000020   Code   RO         2189    .text._Z19Task_UART6_CallbackPht  task.o
    0x08007f30   0x08007f30   0x00000002   Code   RO         2195    .text._Z22Task1ms_TIM12_Callbackv  task.o
    0x08007f32   0x08007f32   0x00000002   PAD
    0x08007f34   0x08007f34   0x000000bc   Code   RO         2193    .text._Z22Task1ms_TIM14_Callbackv  task.o
    0x08007ff0   0x08007ff0   0x0000009e   Code   RO         1894    .text._Z22can_filter_mask_configP17CAN_HandleTypeDefhjj  drv_can.o
    0x0800808e   0x0800808e   0x00000002   PAD
    0x08008090   0x08008090   0x00000046   Code   RO         2183    .text._Z28Chassis_Device_CAN1_CallbackP20Struct_CAN_Rx_Buffer  task.o
    0x080080d6   0x080080d6   0x00000002   PAD
    0x080080d8   0x080080d8   0x000000a2   Code   RO         1896    .text._Z8CAN_InitP17CAN_HandleTypeDefPFvP20Struct_CAN_Rx_BufferE  drv_can.o
    0x0800817a   0x0800817a   0x00000002   PAD
    0x0800817c   0x0800817c   0x00000088   Code   RO         2007    .text._Z8DWT_Initj  drv_dwt.o
    0x08008204   0x08008204   0x00000036   Code   RO         1809    .text._Z8Math_AbsIfET_S0_  alg_pid.o
    0x0800823a   0x0800823a   0x00000002   PAD
    0x0800823c   0x0800823c   0x00000086   Code   RO         1555    .text._Z9timestamphhhhhhhh  dvc_n100.o
    0x080082c2   0x080082c2   0x00000002   PAD
    0x080082c4   0x080082c4   0x00000040   Code   RO         1709    .text._ZL14DWT_CNT_Updatev  dvc_dwt.o
    0x08008304   0x08008304   0x000002d0   Code   RO         1557    .text._ZN10Class_N10012Data_ProcessEv  dvc_n100.o
    0x080085d4   0x080085d4   0x00000144   Code   RO         1559    .text._ZN10Class_N10018CAN_RxCpltCallbackEPh  dvc_n100.o
    0x08008718   0x08008718   0x00000082   Code   RO         1561    .text._ZN10Class_N10019UART_RxCpltCallbackEPh  dvc_n100.o
    0x0800879a   0x0800879a   0x00000002   PAD
    0x0800879c   0x0800879c   0x0000000e   Code   RO         2172    .text._ZN10Class_N10020Get_N100_Live_StatusEv  ita_car.o
    0x080087aa   0x080087aa   0x00000002   PAD
    0x080087ac   0x080087ac   0x0000000e   Code   RO         2132    .text._ZN10Class_N10022Get_N100_Heading_AngleEv  ita_car.o
    0x080087ba   0x080087ba   0x00000002   PAD
    0x080087bc   0x080087bc   0x00000038   Code   RO         1563    .text._ZN10Class_N10039TIM1msMod50_Alive_PeriodElapsedCallbackEv  dvc_n100.o
    0x080087f4   0x080087f4   0x0000002c   Code   RO         1551    .text._ZN10Class_N1004InitEP20__UART_HandleTypeDef  dvc_n100.o
    0x08008820   0x08008820   0x00000018   Code   RO         2237    .text._ZN10Class_N100C2Ev  task.o
    0x08008838   0x08008838   0x00000066   Code   RO         1696    .text._ZN10Class_OLED10OLED_ClearEv  dvc_oled.o
    0x0800889e   0x0800889e   0x00000002   PAD
    0x080088a0   0x080088a0   0x000000d6   Code   RO         1694    .text._ZN10Class_OLED12OLED_WR_ByteEhh  dvc_oled.o
    0x08008976   0x08008976   0x00000002   PAD
    0x08008978   0x08008978   0x0000013e   Code   RO         1702    .text._ZN10Class_OLED13OLED_ShowCharEhhhhh  dvc_oled.o
    0x08008ab6   0x08008ab6   0x00000002   PAD
    0x08008ab8   0x08008ab8   0x0000009a   Code   RO         1704    .text._ZN10Class_OLED14OLED_DrawPointEhhh  dvc_oled.o
    0x08008b52   0x08008b52   0x00000002   PAD
    0x08008b54   0x08008b54   0x0000011c   Code   RO         2170    .text._ZN10Class_OLED15OLED_ShowNumberEhhjhh  ita_car.o
    0x08008c70   0x08008c70   0x000000a4   Code   RO         1698    .text._ZN10Class_OLED15OLED_ShowStringEhhPKh  dvc_oled.o
    0x08008d14   0x08008d14   0x0000008a   Code   RO         1700    .text._ZN10Class_OLED17OLED_Refresh_GramEv  dvc_oled.o
    0x08008d9e   0x08008d9e   0x00000002   PAD
    0x08008da0   0x08008da0   0x00000136   Code   RO         1680    .text._ZN10Class_OLED4InitEv  dvc_oled.o
    0x08008ed6   0x08008ed6   0x00000002   PAD
    0x08008ed8   0x08008ed8   0x00000032   Code   RO         2178    .text._ZN10Class_OLED8oled_powEhh  ita_car.o
    0x08008f0a   0x08008f0a   0x00000002   PAD
    0x08008f0c   0x08008f0c   0x00000014   Code   RO         2168    .text._ZN11Class_EoCar11Get_VoltageEv  ita_car.o
    0x08008f20   0x08008f20   0x00000016   Code   RO         2227    .text._ZN11Class_EoCar11Set_VoltageEf  task.o
    0x08008f36   0x08008f36   0x00000002   PAD
    0x08008f38   0x08008f38   0x0000056c   Code   RO         2078    .text._ZN11Class_EoCar14Control_GimbalEv  ita_car.o
    0x080094a4   0x080094a4   0x00000378   Code   RO         2076    .text._ZN11Class_EoCar15Control_ChassisEv  ita_car.o
    0x0800981c   0x0800981c   0x00000014   Code   RO         2122    .text._ZN11Class_EoCar22Get_Target_Chassis_YawEv  ita_car.o
    0x08009830   0x08009830   0x00000016   Code   RO         2134    .text._ZN11Class_EoCar22Set_Actual_Chassis_YawEf  ita_car.o
    0x08009846   0x08009846   0x00000002   PAD
    0x08009848   0x08009848   0x00000016   Code   RO         2124    .text._ZN11Class_EoCar22Set_Target_Chassis_YawEf  ita_car.o
    0x0800985e   0x0800985e   0x00000002   PAD
    0x08009860   0x08009860   0x000004f4   Code   RO         2080    .text._ZN11Class_EoCar35TIM_Calculate_PeriodElapsedCallbackEv  ita_car.o
    0x08009d54   0x08009d54   0x0000007c   Code   RO         2082    .text._ZN11Class_EoCar40TIM_Unline_Protect_PeriodElapsedCallbackEv  ita_car.o
    0x08009dd0   0x08009dd0   0x0000007c   Code   RO         2084    .text._ZN11Class_EoCar45TIM_N100_Unline_Protect_PeriodElapsedCallbackEv  ita_car.o
    0x08009e4c   0x08009e4c   0x0000010c   Code   RO         2074    .text._ZN11Class_EoCar4InitEv  ita_car.o
    0x08009f58   0x08009f58   0x0000007c   Code   RO         2086    .text._ZN11Class_EoCar50TIM_Bluetooth_Unline_Protect_PeriodElapsedCallbackEv  ita_car.o
    0x08009fd4   0x08009fd4   0x00000080   Code   RO         2219    .text._ZN11Class_EoCarC2Ev  task.o
    0x0800a054   0x0800a054   0x00000012   Code   RO         2067    .text._ZN11Class_Slope10Set_TargetEf  crt_gimbal.o
    0x0800a066   0x0800a066   0x00000002   PAD
    0x0800a068   0x0800a068   0x00000254   Code   RO         1827    .text._ZN11Class_Slope35TIM_Calculate_PeriodElapsedCallbackEv  alg.slope.o
    0x0800a2bc   0x0800a2bc   0x00000022   Code   RO         1825    .text._ZN11Class_Slope4InitEff  alg.slope.o
    0x0800a2de   0x0800a2de   0x00000002   PAD
    0x0800a2e0   0x0800a2e0   0x0000000e   Code   RO         2069    .text._ZN11Class_Slope7Get_OutEv  crt_gimbal.o
    0x0800a2ee   0x0800a2ee   0x00000002   PAD
    0x0800a2f0   0x0800a2f0   0x00000012   Code   RO         2233    .text._ZN11Class_SlopeC2Ev  task.o
    0x0800a302   0x0800a302   0x00000002   PAD
    0x0800a304   0x0800a304   0x00000012   Code   RO         2160    .text._ZN12Class_Gimbal12Get_pixel_dxEv  ita_car.o
    0x0800a316   0x0800a316   0x00000002   PAD
    0x0800a318   0x0800a318   0x00000012   Code   RO         2164    .text._ZN12Class_Gimbal12Get_pixel_dyEv  ita_car.o
    0x0800a32a   0x0800a32a   0x00000002   PAD
    0x0800a32c   0x0800a32c   0x00000014   Code   RO         2152    .text._ZN12Class_Gimbal12Set_pixel_dxEf  ita_car.o
    0x0800a340   0x0800a340   0x00000014   Code   RO         2156    .text._ZN12Class_Gimbal12Set_pixel_dyEf  ita_car.o
    0x0800a354   0x0800a354   0x00000012   Code   RO         2162    .text._ZN12Class_Gimbal20Get_Target_Yaw_AngleEv  ita_car.o
    0x0800a366   0x0800a366   0x00000002   PAD
    0x0800a368   0x0800a368   0x00000014   Code   RO         2148    .text._ZN12Class_Gimbal20Set_Target_Yaw_AngleEf  ita_car.o
    0x0800a37c   0x0800a37c   0x00000012   Code   RO         2166    .text._ZN12Class_Gimbal22Get_Target_Pitch_AngleEv  ita_car.o
    0x0800a38e   0x0800a38e   0x00000002   PAD
    0x0800a390   0x0800a390   0x00000014   Code   RO         2146    .text._ZN12Class_Gimbal22Set_Target_Pitch_AngleEf  ita_car.o
    0x0800a3a4   0x0800a3a4   0x00000016   Code   RO         2223    .text._ZN12Class_Gimbal23Set_Gimbal_Control_TypeE24Enum_Gimbal_Control_Type  task.o
    0x0800a3ba   0x0800a3ba   0x00000002   PAD
    0x0800a3bc   0x0800a3bc   0x000000ce   Code   RO         2047    .text._ZN12Class_Gimbal35TIM_Calculate_PeriodElapsedCallbackEv  crt_gimbal.o
    0x0800a48a   0x0800a48a   0x00000002   PAD
    0x0800a48c   0x0800a48c   0x000001a8   Code   RO         2043    .text._ZN12Class_Gimbal4InitEv  crt_gimbal.o
    0x0800a634   0x0800a634   0x00000134   Code   RO         2045    .text._ZN12Class_Gimbal6OutputEv  crt_gimbal.o
    0x0800a768   0x0800a768   0x00000072   Code   RO         2235    .text._ZN12Class_GimbalC2Ev  task.o
    0x0800a7da   0x0800a7da   0x00000002   PAD
    0x0800a7dc   0x0800a7dc   0x0000000e   Code   RO         2142    .text._ZN12Class_MiniPC16Get_Minipc_flagsEv  ita_car.o
    0x0800a7ea   0x0800a7ea   0x00000002   PAD
    0x0800a7ec   0x0800a7ec   0x0000000e   Code   RO         2126    .text._ZN12Class_MiniPC17Get_MiniPC_StatusEv  ita_car.o
    0x0800a7fa   0x0800a7fa   0x00000002   PAD
    0x0800a7fc   0x0800a7fc   0x00000068   Code   RO         1668    .text._ZN12Class_MiniPC19Get_CRC16_Check_SumEPKhjt  dvc_minipc.o
    0x0800a864   0x0800a864   0x00000010   Code   RO         2128    .text._ZN12Class_MiniPC19Get_Minipc_Linear_XEv  ita_car.o
    0x0800a874   0x0800a874   0x00000010   Code   RO         2130    .text._ZN12Class_MiniPC19Get_Minipc_Linear_YEv  ita_car.o
    0x0800a884   0x0800a884   0x0000005a   Code   RO         1664    .text._ZN12Class_MiniPC19UART_RxCpltCallbackEPh  dvc_minipc.o
    0x0800a8de   0x0800a8de   0x00000002   PAD
    0x0800a8e0   0x0800a8e0   0x0000000e   Code   RO         2154    .text._ZN12Class_MiniPC20Get_process_pixel_dxEv  ita_car.o
    0x0800a8ee   0x0800a8ee   0x00000002   PAD
    0x0800a8f0   0x0800a8f0   0x0000000e   Code   RO         2158    .text._ZN12Class_MiniPC20Get_process_pixel_dyEv  ita_car.o
    0x0800a8fe   0x0800a8fe   0x00000002   PAD
    0x0800a900   0x0800a900   0x0000005a   Code   RO         1660    .text._ZN12Class_MiniPC22Append_CRC16_Check_SumEPhj  dvc_minipc.o
    0x0800a95a   0x0800a95a   0x00000002   PAD
    0x0800a95c   0x0800a95c   0x00000084   Code   RO         1666    .text._ZN12Class_MiniPC22Verify_CRC16_Check_SumEPKhj  dvc_minipc.o
    0x0800a9e0   0x0800a9e0   0x000000a2   Code   RO         1658    .text._ZN12Class_MiniPC31TIM_Write_PeriodElapsedCallbackEv  dvc_minipc.o
    0x0800aa82   0x0800aa82   0x00000002   PAD
    0x0800aa84   0x0800aa84   0x00000030   Code   RO         1662    .text._ZN12Class_MiniPC39TIM1msMod50_Alive_PeriodElapsedCallbackEv  dvc_minipc.o
    0x0800aab4   0x0800aab4   0x0000003a   Code   RO         1656    .text._ZN12Class_MiniPC9Init_UARTEP20__UART_HandleTypeDefh  dvc_minipc.o
    0x0800aaee   0x0800aaee   0x00000002   PAD
    0x0800aaf0   0x0800aaf0   0x00000014   Code   RO         2241    .text._ZN12Class_MiniPCC2Ev  task.o
    0x0800ab04   0x0800ab04   0x0000015c   Code   RO         1524    .text._ZN14Class_LK_Motor12Data_ProcessEv  dvc_lkmotor.o
    0x0800ac60   0x0800ac60   0x00000014   Code   RO         2065    .text._ZN14Class_LK_Motor16Set_Target_AngleEf  crt_gimbal.o
    0x0800ac74   0x0800ac74   0x00000014   Code   RO         2061    .text._ZN14Class_LK_Motor17Set_Target_TorqueEf  crt_gimbal.o
    0x0800ac88   0x0800ac88   0x0000001c   Code   RO         1530    .text._ZN14Class_LK_Motor18CAN_RxCpltCallbackEPh  dvc_lkmotor.o
    0x0800aca4   0x0800aca4   0x00000016   Code   RO         2057    .text._ZN14Class_LK_Motor23Set_LK_Motor_Control_IDE24Enum_LK_Motor_Control_ID  crt_gimbal.o
    0x0800acba   0x0800acba   0x00000002   PAD
    0x0800acbc   0x0800acbc   0x00000016   Code   RO         2059    .text._ZN14Class_LK_Motor27Set_LK_Motor_Control_MethodE28Enum_LK_Motor_Control_Method  crt_gimbal.o
    0x0800acd2   0x0800acd2   0x00000002   PAD
    0x0800acd4   0x0800acd4   0x000000b0   Code   RO         1522    .text._ZN14Class_LK_Motor4InitEP17CAN_HandleTypeDef16Enum_LK_Motor_IDfif28Enum_LK_Motor_Control_Method  dvc_lkmotor.o
    0x0800ad84   0x0800ad84   0x0000009a   Code   RO         2247    .text._ZN14Class_LK_MotorC2Ev  task.o
    0x0800ae1e   0x0800ae1e   0x00000002   PAD
    0x0800ae20   0x0800ae20   0x00000022   Code   RO         1632    .text._ZN16Class_Uart_Servo12Data_ProcessEv  dvc_uart_servo.o
    0x0800ae42   0x0800ae42   0x00000002   PAD
    0x0800ae44   0x0800ae44   0x00000014   Code   RO         2063    .text._ZN16Class_Uart_Servo16Set_Target_AngleEf  crt_gimbal.o
    0x0800ae58   0x0800ae58   0x0000005a   Code   RO         1634    .text._ZN16Class_Uart_Servo18CAN_RxCpltCallbackEPh  dvc_uart_servo.o
    0x0800aeb2   0x0800aeb2   0x00000002   PAD
    0x0800aeb4   0x0800aeb4   0x0000003e   Code   RO         1652    .text._ZN16Class_Uart_Servo18calculate_checksumEPhi  dvc_uart_servo.o
    0x0800aef2   0x0800aef2   0x00000002   PAD
    0x0800aef4   0x0800aef4   0x00000014   Code   RO         2071    .text._ZN16Class_Uart_Servo20Set_Target_Omega_DegEf  crt_gimbal.o
    0x0800af08   0x0800af08   0x00000010   Code   RO         1644    .text._ZN16Class_Uart_Servo33TIM_Process_PeriodElapsedCallbackEv  dvc_uart_servo.o
    0x0800af18   0x0800af18   0x00000070   Code   RO         1636    .text._ZN16Class_Uart_Servo34Request_Uart_Servo_Multilaps_AngleEv  dvc_uart_servo.o
    0x0800af88   0x0800af88   0x0000009c   Code   RO         1638    .text._ZN16Class_Uart_Servo42Request_Control_Uart_Servo_Multilaps_AngleEv  dvc_uart_servo.o
    0x0800b024   0x0800b024   0x0000008e   Code   RO         1640    .text._ZN16Class_Uart_Servo43Request2_Control_Uart_Servo_Multilaps_AngleEv  dvc_uart_servo.o
    0x0800b0b2   0x0800b0b2   0x00000002   PAD
    0x0800b0b4   0x0800b0b4   0x00000078   Code   RO         1630    .text._ZN16Class_Uart_Servo4InitEP20__UART_HandleTypeDefhfff  dvc_uart_servo.o
    0x0800b12c   0x0800b12c   0x000000d6   Code   RO         1642    .text._ZN16Class_Uart_Servo6OutputEv  dvc_uart_servo.o
    0x0800b202   0x0800b202   0x00000002   PAD
    0x0800b204   0x0800b204   0x00000020   Code   RO         2249    .text._ZN16Class_Uart_ServoC2Ev  task.o
    0x0800b224   0x0800b224   0x00000134   Code   RO         1499    .text._ZN18Class_EncoderMotor21TIM_Encoder_CalculateEv  dvc_encodermotor.o
    0x0800b358   0x0800b358   0x0000000e   Code   RO         2040    .text._ZN18Class_EncoderMotor26Get_EncoderMotor_PWMOutputEv  crt_chassis.o
    0x0800b366   0x0800b366   0x00000002   PAD
    0x0800b368   0x0800b368   0x00000016   Code   RO         2036    .text._ZN18Class_EncoderMotor26Set_EncoderMotor_PWMOutputEs  crt_chassis.o
    0x0800b37e   0x0800b37e   0x00000002   PAD
    0x0800b380   0x0800b380   0x0000000e   Code   RO         1677    .text._ZN18Class_EncoderMotor29Get_EncoderMotor_Now_VelocityEv  dvc_minipc.o
    0x0800b38e   0x0800b38e   0x00000002   PAD
    0x0800b390   0x0800b390   0x00000014   Code   RO         2038    .text._ZN18Class_EncoderMotor32Set_EncoderMotor_Target_VelocityEf  crt_chassis.o
    0x0800b3a4   0x0800b3a4   0x00000040   Code   RO         1503    .text._ZN18Class_EncoderMotor35TIM_Calculate_PeriodElapsedCallbackEv  dvc_encodermotor.o
    0x0800b3e4   0x0800b3e4   0x0000005c   Code   RO         1497    .text._ZN18Class_EncoderMotor4InitEP17TIM_HandleTypeDeftjff  dvc_encodermotor.o
    0x0800b440   0x0800b440   0x000000b8   Code   RO         1511    .text._ZN18Class_EncoderMotor6FilterEfPf  dvc_encodermotor.o
    0x0800b4f8   0x0800b4f8   0x0000001a   Code   RO         2245    .text._ZN18Class_EncoderMotorC2Ev  task.o
    0x0800b512   0x0800b512   0x00000002   PAD
    0x0800b514   0x0800b514   0x00000068   Code   RO         1584    .text._ZN19Class_DVC_Bluetooth12Data_ProcessEv  dvc_xtark_bluetooth.o
    0x0800b57c   0x0800b57c   0x0000000c   Code   RO         2108    .text._ZN19Class_DVC_Bluetooth14Get_Button_OneEv  ita_car.o
    0x0800b588   0x0800b588   0x0000000e   Code   RO         2114    .text._ZN19Class_DVC_Bluetooth17Get_Remote_Left_XEv  ita_car.o
    0x0800b596   0x0800b596   0x00000002   PAD
    0x0800b598   0x0800b598   0x0000000e   Code   RO         2110    .text._ZN19Class_DVC_Bluetooth17Get_Remote_Left_YEv  ita_car.o
    0x0800b5a6   0x0800b5a6   0x00000002   PAD
    0x0800b5a8   0x0800b5a8   0x00000042   Code   RO         1586    .text._ZN19Class_DVC_Bluetooth18CAN_RxCpltCallbackEPh  dvc_xtark_bluetooth.o
    0x0800b5ea   0x0800b5ea   0x00000002   PAD
    0x0800b5ec   0x0800b5ec   0x0000000e   Code   RO         2118    .text._ZN19Class_DVC_Bluetooth18Get_Remote_Right_XEv  ita_car.o
    0x0800b5fa   0x0800b5fa   0x00000002   PAD
    0x0800b5fc   0x0800b5fc   0x0000003e   Code   RO         2221    .text._ZN19Class_DVC_Bluetooth18calculate_checksumEPhi  task.o
    0x0800b63a   0x0800b63a   0x00000002   PAD
    0x0800b63c   0x0800b63c   0x0000002c   Code   RO         1580    .text._ZN19Class_DVC_Bluetooth4InitEP20__UART_HandleTypeDef  dvc_xtark_bluetooth.o
    0x0800b668   0x0800b668   0x00000010   Code   RO         2239    .text._ZN19Class_DVC_BluetoothC2Ev  task.o
    0x0800b678   0x0800b678   0x0000000e   Code   RO         2120    .text._ZN22Class_Tricycle_Chassis13Get_Omega_MaxEv  ita_car.o
    0x0800b686   0x0800b686   0x00000002   PAD
    0x0800b688   0x0800b688   0x00000014   Code   RO         2136    .text._ZN22Class_Tricycle_Chassis14Set_Velocity_XEf  ita_car.o
    0x0800b69c   0x0800b69c   0x00000014   Code   RO         2138    .text._ZN22Class_Tricycle_Chassis14Set_Velocity_YEf  ita_car.o
    0x0800b6b0   0x0800b6b0   0x000003b4   Code   RO         2024    .text._ZN22Class_Tricycle_Chassis16Speed_ResolutionEv  crt_chassis.o
    0x0800ba64   0x0800ba64   0x0000000e   Code   RO         2174    .text._ZN22Class_Tricycle_Chassis18Get_Now_Position_XEv  ita_car.o
    0x0800ba72   0x0800ba72   0x00000002   PAD
    0x0800ba74   0x0800ba74   0x0000000e   Code   RO         2176    .text._ZN22Class_Tricycle_Chassis18Get_Now_Position_YEv  ita_car.o
    0x0800ba82   0x0800ba82   0x00000002   PAD
    0x0800ba84   0x0800ba84   0x0000000e   Code   RO         2112    .text._ZN22Class_Tricycle_Chassis18Get_Velocity_X_MaxEv  ita_car.o
    0x0800ba92   0x0800ba92   0x00000002   PAD
    0x0800ba94   0x0800ba94   0x0000000e   Code   RO         2116    .text._ZN22Class_Tricycle_Chassis18Get_Velocity_Y_MaxEv  ita_car.o
    0x0800baa2   0x0800baa2   0x00000002   PAD
    0x0800baa4   0x0800baa4   0x00000016   Code   RO         2225    .text._ZN22Class_Tricycle_Chassis24Set_Chassis_Control_TypeE25Enum_Chassis_Control_Type  task.o
    0x0800baba   0x0800baba   0x00000002   PAD
    0x0800babc   0x0800babc   0x00000172   Code   RO         2026    .text._ZN22Class_Tricycle_Chassis35TIM_Calculate_PeriodElapsedCallbackEv  crt_chassis.o
    0x0800bc2e   0x0800bc2e   0x00000002   PAD
    0x0800bc30   0x0800bc30   0x000001bc   Code   RO         2022    .text._ZN22Class_Tricycle_Chassis4InitEfff  crt_chassis.o
    0x0800bdec   0x0800bdec   0x00000014   Code   RO         2140    .text._ZN22Class_Tricycle_Chassis9Set_OmegaEf  ita_car.o
    0x0800be00   0x0800be00   0x00000072   Code   RO         2229    .text._ZN22Class_Tricycle_ChassisC2Ev  task.o
    0x0800be72   0x0800be72   0x00000002   PAD
    0x0800be74   0x0800be74   0x00000034   Code   RO         2150    .text._ZN9Class_FSM10Set_StatusEh  ita_car.o
    0x0800bea8   0x0800bea8   0x0000000e   Code   RO         2144    .text._ZN9Class_FSM21Get_Now_Status_SerialEv  ita_car.o
    0x0800beb6   0x0800beb6   0x00000002   PAD
    0x0800beb8   0x0800beb8   0x00000060   Code   RO         1814    .text._ZN9Class_FSM4InitEhh  alg_fsm.o
    0x0800bf18   0x0800bf18   0x00000010   Code   RO         2243    .text._ZN9Class_FSMC2Ev  task.o
    0x0800bf28   0x0800bf28   0x00000012   Code   RO         1513    .text._ZN9Class_PID10Set_TargetEf  dvc_encodermotor.o
    0x0800bf3a   0x0800bf3a   0x00000002   PAD
    0x0800bf3c   0x0800bf3c   0x000002b0   Code   RO         1799    .text._ZN9Class_PID32TIM_Adjust_PeriodElapsedCallbackEv  alg_pid.o
    0x0800c1ec   0x0800c1ec   0x00000074   Code   RO         1795    .text._ZN9Class_PID4InitEfffffffffff16Enum_PID_D_First  alg_pid.o
    0x0800c260   0x0800c260   0x0000000e   Code   RO         1517    .text._ZN9Class_PID7Get_OutEv  dvc_encodermotor.o
    0x0800c26e   0x0800c26e   0x00000002   PAD
    0x0800c270   0x0800c270   0x00000012   Code   RO         1515    .text._ZN9Class_PID7Set_NowEf  dvc_encodermotor.o
    0x0800c282   0x0800c282   0x00000002   PAD
    0x0800c284   0x0800c284   0x00000032   Code   RO         2231    .text._ZN9Class_PIDC2Ev  task.o
    0x0800c2b6   0x0800c2b6   0x00000002   PAD
    0x0800c2b8   0x0800c2b8   0x0000001c   Code   RO         1577    .text._ZNSt3__26__math3powB7v180000IiEEddd  dvc_n100.o
    0x0800c2d4   0x0800c2d4   0x0000002c   Code   RO         1575    .text._ZNSt3__26__math3powB7v180000IiiLi0EEENS_9__promoteIT_T0_vE4typeES3_S4_  dvc_n100.o
    0x0800c300   0x0800c300   0x00000012   Code   RO         1627    .text._ZNSt3__26__math4fabsB7v180000Ef  dvc_robot_arm.o
    0x0800c312   0x0800c312   0x00000002   PAD
    0x0800c314   0x0800c314   0x00000014   Code   RO         1621    .text._ZNSt3__26__math4sqrtB7v180000Ef  dvc_robot_arm.o
    0x0800c328   0x0800c328   0x00000030   Code   RO          613    .text.__NVIC_EnableIRQ  stm32f4xx_hal_cortex.o
    0x0800c358   0x0800c358   0x00000010   Code   RO          605    .text.__NVIC_GetPriorityGrouping  stm32f4xx_hal_cortex.o
    0x0800c368   0x0800c368   0x00000042   Code   RO          607    .text.__NVIC_SetPriority  stm32f4xx_hal_cortex.o
    0x0800c3aa   0x0800c3aa   0x00000002   PAD
    0x0800c3ac   0x0800c3ac   0x0000003c   Code   RO          601    .text.__NVIC_SetPriorityGrouping  stm32f4xx_hal_cortex.o
    0x0800c3e8   0x0800c3e8   0x00000016   Code   RO         1713    .text.__cxx_global_var_init  dvc_dwt.o
    0x0800c3fe   0x0800c3fe   0x00000002   PAD
    0x0800c400   0x0800c400   0x00000010   Code   RO         2181    .text.__cxx_global_var_init  task.o
    0x0800c410   0x0800c410   0x00000004   Code   RO         2566    .text.abort_message  libcppabi_w.l(abort_message.cpp.o)
    0x0800c414   0x0800c414   0x00000068   Code   RO           11    .text.main          main.o
    0x0800c47c   0x0800c47c   0x0000002c   Code   RO         2427    .text.unlikely.__cxa_guard_acquire  libcppabi_w.l(cxa_guard.cpp.o)
    0x0800c4a8   0x0800c4a8   0x00000008   Code   RO         2429    .text.unlikely.__cxa_guard_release  libcppabi_w.l(cxa_guard.cpp.o)
    0x0800c4b0   0x0800c4b0   0x00000030   Code   RO         2599    i.__ARM_fpclassify  m_wm.l(fpclassify.o)
    0x0800c4e0   0x0800c4e0   0x00000c60   Code   RO         2459    i.__hardfp_pow      m_wm.l(pow.o)
    0x0800d140   0x0800d140   0x0000003a   Code   RO         2478    i.__hardfp_sqrtf    m_wm.l(sqrtf.o)
    0x0800d17a   0x0800d17a   0x000000f8   Code   RO         2617    i.__kernel_poly     m_wm.l(poly.o)
    0x0800d272   0x0800d272   0x00000006   PAD
    0x0800d278   0x0800d278   0x00000030   Code   RO         2579    i.__mathlib_dbl_divzero  m_wm.l(dunder.o)
    0x0800d2a8   0x0800d2a8   0x00000014   Code   RO         2581    i.__mathlib_dbl_infnan2  m_wm.l(dunder.o)
    0x0800d2bc   0x0800d2bc   0x00000004   PAD
    0x0800d2c0   0x0800d2c0   0x00000020   Code   RO         2582    i.__mathlib_dbl_invalid  m_wm.l(dunder.o)
    0x0800d2e0   0x0800d2e0   0x00000020   Code   RO         2583    i.__mathlib_dbl_overflow  m_wm.l(dunder.o)
    0x0800d300   0x0800d300   0x00000020   Code   RO         2585    i.__mathlib_dbl_underflow  m_wm.l(dunder.o)
    0x0800d320   0x0800d320   0x00000018   Code   RO         2595    i.fabs              m_wm.l(fabs.o)
    0x0800d338   0x0800d338   0x0000006e   Code   RO         2633    i.sqrt              m_wm.l(sqrt.o)
    0x0800d3a6   0x0800d3a6   0x00000018   Code   RO         2544    x$fpl$basic         fz_wm.l(basic.o)
    0x0800d3be   0x0800d3be   0x00000002   PAD
    0x0800d3c0   0x0800d3c0   0x00000062   Code   RO         2398    x$fpl$d2f           fz_wm.l(d2f.o)
    0x0800d422   0x0800d422   0x00000002   PAD
    0x0800d424   0x0800d424   0x00000150   Code   RO         2400    x$fpl$dadd          fz_wm.l(daddsub_clz.o)
    0x0800d574   0x0800d574   0x00000010   Code   RO         2663    x$fpl$dcheck1       fz_wm.l(dcheck1.o)
    0x0800d584   0x0800d584   0x00000018   Code   RO         2665    x$fpl$dcmpinf       fz_wm.l(dcmpi.o)
    0x0800d59c   0x0800d59c   0x000002b4   Code   RO         2409    x$fpl$ddiv          fz_wm.l(ddiv.o)
    0x0800d850   0x0800d850   0x0000002e   Code   RO         2417    x$fpl$dflt          fz_wm.l(dflt_clz.o)
    0x0800d87e   0x0800d87e   0x00000002   PAD
    0x0800d880   0x0800d880   0x00000078   Code   RO         2550    x$fpl$dleqf         fz_wm.l(dleqf.o)
    0x0800d8f8   0x0800d8f8   0x00000154   Code   RO         2422    x$fpl$dmul          fz_wm.l(dmul.o)
    0x0800da4c   0x0800da4c   0x0000009c   Code   RO         2552    x$fpl$dnaninf       fz_wm.l(dnaninf.o)
    0x0800dae8   0x0800dae8   0x0000000c   Code   RO         2554    x$fpl$dretinf       fz_wm.l(dretinf.o)
    0x0800daf4   0x0800daf4   0x0000006c   Code   RO         2556    x$fpl$drleqf        fz_wm.l(drleqf.o)
    0x0800db60   0x0800db60   0x00000016   Code   RO         2401    x$fpl$drsb          fz_wm.l(daddsub_clz.o)
    0x0800db76   0x0800db76   0x00000002   PAD
    0x0800db78   0x0800db78   0x00000198   Code   RO         2667    x$fpl$dsqrt         fz_wm.l(dsqrt_umaal.o)
    0x0800dd10   0x0800dd10   0x000001dc   Code   RO         2402    x$fpl$dsub          fz_wm.l(daddsub_clz.o)
    0x0800deec   0x0800deec   0x00000056   Code   RO         2424    x$fpl$f2d           fz_wm.l(f2d.o)
    0x0800df42   0x0800df42   0x0000008c   Code   RO         2558    x$fpl$fnaninf       fz_wm.l(fnaninf.o)
    0x0800dfce   0x0800dfce   0x0000001a   Code   RO         2669    x$fpl$fpinit        fz_wm.l(fpinit.o)
    0x0800dfe8   0x0800dfe8   0x0000000a   Code   RO         2560    x$fpl$fretinf       fz_wm.l(fretinf.o)
    0x0800dff2   0x0800dff2   0x00000064   Code   RO         2700    x$fpl$retnan        fz_wm.l(retnan.o)
    0x0800e056   0x0800e056   0x0000005c   Code   RO         2562    x$fpl$scalbn        fz_wm.l(scalbn.o)
    0x0800e0b2   0x0800e0b2   0x00000030   Code   RO         2725    x$fpl$trapveneer    fz_wm.l(trapv.o)
    0x0800e0e2   0x0800e0e2   0x00000000   Code   RO         2564    x$fpl$usenofp       fz_wm.l(usenofp.o)
    0x0800e0e2   0x0800e0e2   0x00000006   PAD
    0x0800e0e8   0x0800e0e8   0x00000088   Data   RO         2462    .constdata          m_wm.l(pow.o)
    0x0800e170   0x0800e170   0x00000008   Data   RO         2619    .constdata          m_wm.l(qnan.o)
    0x0800e178   0x0800e178   0x00000010   Data   RO         1488    .rodata.AHBPrescTable  system_stm32f4xx.o
    0x0800e188   0x0800e188   0x00000008   Data   RO         1489    .rodata.APBPrescTable  system_stm32f4xx.o
    0x0800e190   0x0800e190   0x00000008   Data   RO          531    .rodata.DMA_CalcBaseAndBitshift.flagBitshiftOffset  stm32f4xx_hal_dma.o
    0x0800e198   0x0800e198   0x00000200   Data   RO         1670    .rodata._ZL11W_CRC_TABLE  dvc_minipc.o
    0x0800e398   0x0800e398   0x00000474   Data   RO         1686    .rodata._ZL14oled_asc2_1206  dvc_oled.o
    0x0800e80c   0x0800e80c   0x000005f0   Data   RO         1687    .rodata._ZL14oled_asc2_1608  dvc_oled.o
    0x0800edfc   0x0800edfc   0x00000052   Data   RO         2098    .rodata.str1.1      ita_car.o
    0x0800ee4e   0x0800ee4e   0x00000093   Data   RO         2433    .rodata.str1.1      libcppabi_w.l(cxa_guard.cpp.o)
    0x0800eee1   0x0800eee1   0x00000003   PAD
    0x0800eee4   0x0800eee4   0x00000020   Data   RO         2777    Region$$Table       anon$$obj.o
    0x0800ef04   0x0800ef04   0x00000004   Data   RO         1737    .init_array         dvc_dwt.o
    0x0800ef08   0x0800ef04   0x00000004   Data   RO         2212    .init_array         task.o
    0x0800ef0c   0x0800ef04   0x00000000   Data   RO         2393    .init_array         c_w.l(init_aeabi.o)


    Execution Region RW_IRAM1 (Exec base: 0x20000000, Load base: 0x0800ef10, Size: 0x00003c48, Max: 0x0001c000, ABSOLUTE)

    Exec Addr    Load Addr    Size         Type   Attr      Idx    E Section Name        Object

    0x20000000   0x0800ef10   0x00000004   Data   RW         2089    .data.K             ita_car.o
    0x20000004   0x0800ef14   0x00000004   Data   RW         1487    .data.SystemCoreClock  system_stm32f4xx.o
    0x20000008   0x0800ef18   0x00000004   Data   RW         2210    .data.V             task.o
    0x2000000c   0x0800ef1c   0x00000001   Data   RW          731    .data.uwTickFreq    stm32f4xx_hal.o
    0x2000000d   0x0800ef1d   0x00000003   PAD
    0x20000010   0x0800ef20   0x00000004   Data   RW          730    .data.uwTickPrio    stm32f4xx_hal.o
    0x20000014   0x0800ef24   0x00000004   PAD
    0x20000018        -       0x00000060   Zero   RW         2676    .bss                c_w.l(libspace.o)
    0x20000078        -       0x00000008   Zero   RW         1944    .bss.CAN1_0x141_Tx_Data  drv_can.o
    0x20000080        -       0x00000008   Zero   RW         1945    .bss.CAN1_0x142_Tx_Data  drv_can.o
    0x20000088        -       0x00000008   Zero   RW         1946    .bss.CAN1_0x143_Tx_Data  drv_can.o
    0x20000090        -       0x00000008   Zero   RW         1947    .bss.CAN1_0x144_Tx_Data  drv_can.o
    0x20000098        -       0x00000008   Zero   RW         1948    .bss.CAN1_0x145_Tx_Data  drv_can.o
    0x200000a0        -       0x00000008   Zero   RW         1949    .bss.CAN1_0x146_Tx_Data  drv_can.o
    0x200000a8        -       0x00000008   Zero   RW         1950    .bss.CAN1_0x147_Tx_Data  drv_can.o
    0x200000b0        -       0x00000008   Zero   RW         1951    .bss.CAN1_0x148_Tx_Data  drv_can.o
    0x200000b8        -       0x0000002c   Zero   RW         1910    .bss.CAN1_Manage_Object  drv_can.o
    0x200000e4        -       0x0000002c   Zero   RW         1911    .bss.CAN2_Manage_Object  drv_can.o
    0x20000110        -       0x00000004   Zero   RW         2010    .bss.CPU_FREQ_Hz    drv_dwt.o
    0x20000114        -       0x00000004   Zero   RW         2011    .bss.CPU_FREQ_Hz_ms  drv_dwt.o
    0x20000118        -       0x00000004   Zero   RW         2012    .bss.CPU_FREQ_Hz_us  drv_dwt.o
    0x2000011c        -       0x00000004   Zero   RW         2014    .bss.CYCCNT_LAST    drv_dwt.o
    0x20000120        -       0x00000004   Zero   RW         2013    .bss.CYCCNT_RountCount  drv_dwt.o
    0x20000124        -       0x00000038   Zero   RW         1565    .bss.CanRxFifo      dvc_n100.o
    0x2000015c        -       0x00001430   Zero   RW         2206    .bss.EoCar          task.o
    0x2000158c        -       0x00000004   Zero   RW         2207    .bss.FPS            task.o
    0x20001590        -       0x00000002   Zero   RW         2211    .bss.Power_Data     task.o
    0x20001592   0x0800ef24   0x00000002   PAD
    0x20001594        -       0x00000008   Zero   RW         1849    .bss.TIM10_Manage_Object  drv_tim.o
    0x2000159c        -       0x00000008   Zero   RW         1850    .bss.TIM11_Manage_Object  drv_tim.o
    0x200015a4        -       0x00000008   Zero   RW         1851    .bss.TIM12_Manage_Object  drv_tim.o
    0x200015ac        -       0x00000008   Zero   RW         1852    .bss.TIM13_Manage_Object  drv_tim.o
    0x200015b4        -       0x00000008   Zero   RW         1853    .bss.TIM14_Manage_Object  drv_tim.o
    0x200015bc        -       0x00000008   Zero   RW         1840    .bss.TIM1_Manage_Object  drv_tim.o
    0x200015c4        -       0x00000008   Zero   RW         1841    .bss.TIM2_Manage_Object  drv_tim.o
    0x200015cc        -       0x00000008   Zero   RW         1842    .bss.TIM3_Manage_Object  drv_tim.o
    0x200015d4        -       0x00000008   Zero   RW         1843    .bss.TIM4_Manage_Object  drv_tim.o
    0x200015dc        -       0x00000008   Zero   RW         1844    .bss.TIM5_Manage_Object  drv_tim.o
    0x200015e4        -       0x00000008   Zero   RW         1845    .bss.TIM6_Manage_Object  drv_tim.o
    0x200015ec        -       0x00000008   Zero   RW         1846    .bss.TIM7_Manage_Object  drv_tim.o
    0x200015f4        -       0x00000008   Zero   RW         1847    .bss.TIM8_Manage_Object  drv_tim.o
    0x200015fc        -       0x00000008   Zero   RW         1848    .bss.TIM9_Manage_Object  drv_tim.o
    0x20001604   0x0800ef24   0x00000004   PAD
    0x20001608        -       0x00000008   Zero   RW         2088    .bss.Time_count     ita_car.o
    0x20001610        -       0x00000410   Zero   RW         1978    .bss.UART1_Manage_Object  drv_uart.o
    0x20001a20        -       0x00000410   Zero   RW         1979    .bss.UART2_Manage_Object  drv_uart.o
    0x20001e30        -       0x00000410   Zero   RW         1980    .bss.UART3_Manage_Object  drv_uart.o
    0x20002240        -       0x00000410   Zero   RW         1981    .bss.UART4_Manage_Object  drv_uart.o
    0x20002650        -       0x00000410   Zero   RW         1982    .bss.UART5_Manage_Object  drv_uart.o
    0x20002a60        -       0x00000410   Zero   RW         1983    .bss.UART6_Manage_Object  drv_uart.o
    0x20002e70        -       0x00000004   Zero   RW         2094    .bss._ZGVZN11Class_EoCar14Control_GimbalEvE15yunhang_K_pitch  ita_car.o
    0x20002e74        -       0x00000004   Zero   RW         2092    .bss._ZGVZN11Class_EoCar14Control_GimbalEvE9yunhang_K  ita_car.o
    0x20002e78        -       0x00000004   Zero   RW         2029    .bss._ZGVZN22Class_Tricycle_Chassis16Speed_ResolutionEvE1K  crt_chassis.o
    0x20002e7c        -       0x00000004   Zero   RW         2093    .bss._ZZN11Class_EoCar14Control_GimbalEvE15yunhang_K_pitch  ita_car.o
    0x20002e80        -       0x00000004   Zero   RW         2091    .bss._ZZN11Class_EoCar14Control_GimbalEvE9yunhang_K  ita_car.o
    0x20002e84        -       0x00000001   Zero   RW         2095    .bss._ZZN11Class_EoCar35TIM_Calculate_PeriodElapsedCallbackEvE10Minipc_cnt  ita_car.o
    0x20002e85   0x0800ef24   0x00000001   PAD
    0x20002e86        -       0x00000002   Zero   RW         2099    .bss._ZZN11Class_EoCar35TIM_Calculate_PeriodElapsedCallbackEvE13Buzzer_timcnt  ita_car.o
    0x20002e88        -       0x00000001   Zero   RW         2096    .bss._ZZN11Class_EoCar35TIM_Calculate_PeriodElapsedCallbackEvE15Minipc_cnt_live  ita_car.o
    0x20002e89        -       0x00000001   Zero   RW         2097    .bss._ZZN11Class_EoCar35TIM_Calculate_PeriodElapsedCallbackEvE8count100  ita_car.o
    0x20002e8a        -       0x00000001   Zero   RW         2050    .bss._ZZN12Class_Gimbal35TIM_Calculate_PeriodElapsedCallbackEvE6count2  crt_gimbal.o
    0x20002e8b        -       0x00000001   Zero   RW         2049    .bss._ZZN12Class_Gimbal35TIM_Calculate_PeriodElapsedCallbackEvE7count20  crt_gimbal.o
    0x20002e8c        -       0x00000004   Zero   RW         2028    .bss._ZZN22Class_Tricycle_Chassis16Speed_ResolutionEvE1K  crt_chassis.o
    0x20002e90        -       0x00000001   Zero   RW         1566    .bss.acc_flag       dvc_n100.o
    0x20002e91   0x0800ef24   0x00000003   PAD
    0x20002e94        -       0x00000004   Zero   RW         1729    .bss.cnt_now        dvc_dwt.o
    0x20002e98        -       0x00000001   Zero   RW         1567    .bss.data_num       dvc_n100.o
    0x20002e99        -       0x00000001   Zero   RW         2090    .bss.flag_3         ita_car.o
    0x20002e9a   0x0800ef24   0x00000002   PAD
    0x20002e9c        -       0x00000048   Zero   RW           39    .bss.hadc1          adc.o
    0x20002ee4        -       0x00000028   Zero   RW           53    .bss.hcan1          can.o
    0x20002f0c        -       0x00000060   Zero   RW          149    .bss.hdma_uart4_rx  usart.o
    0x20002f6c        -       0x00000060   Zero   RW          150    .bss.hdma_uart4_tx  usart.o
    0x20002fcc        -       0x00000060   Zero   RW          151    .bss.hdma_uart5_rx  usart.o
    0x2000302c        -       0x00000060   Zero   RW          152    .bss.hdma_uart5_tx  usart.o
    0x2000308c        -       0x00000060   Zero   RW          153    .bss.hdma_usart2_rx  usart.o
    0x200030ec        -       0x00000060   Zero   RW          154    .bss.hdma_usart6_rx  usart.o
    0x2000314c        -       0x00000060   Zero   RW          155    .bss.hdma_usart6_tx  usart.o
    0x200031ac        -       0x00000054   Zero   RW           75    .bss.hi2c2          i2c.o
    0x20003200        -       0x00000048   Zero   RW          115    .bss.htim1          tim.o
    0x20003248        -       0x00000048   Zero   RW          122    .bss.htim10         tim.o
    0x20003290        -       0x00000048   Zero   RW          123    .bss.htim11         tim.o
    0x200032d8        -       0x00000048   Zero   RW          124    .bss.htim12         tim.o
    0x20003320        -       0x00000048   Zero   RW          125    .bss.htim14         tim.o
    0x20003368        -       0x00000048   Zero   RW          116    .bss.htim2          tim.o
    0x200033b0        -       0x00000048   Zero   RW          117    .bss.htim3          tim.o
    0x200033f8        -       0x00000048   Zero   RW          118    .bss.htim4          tim.o
    0x20003440        -       0x00000048   Zero   RW          119    .bss.htim5          tim.o
    0x20003488        -       0x00000048   Zero   RW          120    .bss.htim8          tim.o
    0x200034d0        -       0x00000048   Zero   RW          121    .bss.htim9          tim.o
    0x20003518        -       0x00000048   Zero   RW          147    .bss.huart2         usart.o
    0x20003560        -       0x00000048   Zero   RW          145    .bss.huart4         usart.o
    0x200035a8        -       0x00000048   Zero   RW          146    .bss.huart5         usart.o
    0x200035f0        -       0x00000048   Zero   RW          148    .bss.huart6         usart.o
    0x20003638        -       0x00000004   Zero   RW         2208    .bss.last_cnt       task.o
    0x2000363c        -       0x00000001   Zero   RW         1568    .bss.last_count     dvc_n100.o
    0x2000363d   0x0800ef24   0x00000003   PAD
    0x20003640        -       0x00000004   Zero   RW          732    .bss.uwTick         stm32f4xx_hal.o
    0x20003644   0x0800ef24   0x00000004   PAD
    0x20003648        -       0x00000200   Zero   RW            2    HEAP                startup_stm32f407xx.o
    0x20003848        -       0x00000400   Zero   RW            1    STACK               startup_stm32f407xx.o


    Execution Region RW_IRAM2 (Exec base: 0x2001c000, Load base: 0x0800ef28, Size: 0x00000000, Max: 0x00004000, ABSOLUTE)

    **** No section assigned to this execution region ****


==============================================================================

Image component sizes


      Code (inc. data)   RO Data    RW Data    ZI Data      Debug   Object Name

       284          0          0          0         72       6717   adc.o
       630          0          0          0          0      15989   alg.slope.o
        96          0          0          0          0      15133   alg_fsm.o
       936          0          0          0          0      18457   alg_pid.o
       258          0          0          0         40       5933   can.o
      1818         44          0          0          8      24092   crt_chassis.o
      1094         68          0          0          2      28507   crt_gimbal.o
       204          0          0          0          0       3318   dma.o
       560          0          0          0        152      12521   drv_can.o
       136          0          0          0         20       2837   drv_dwt.o
      1008          0          0          0        112       4857   drv_tim.o
       846          0          0          0       6240       6893   drv_uart.o
       170          0          4          0          4       4727   dvc_dwt.o
       698         20          0          0          0      21074   dvc_encodermotor.o
       708         20          0          0          0      25911   dvc_lkmotor.o
       698          0        512          0          0      24599   dvc_minipc.o
      1712          8          0          0         59      21567   dvc_n100.o
      1400          0       2660          0          0       5296   dvc_oled.o
        38          0          0          0          0      19723   dvc_robot_arm.o
       946          0          0          0          0       8200   dvc_uart_servo.o
       214          4          0          0          0       6589   dvc_xtark_bluetooth.o
       340          0          0          0          0       2210   gpio.o
       218          0          0          0         84       5042   i2c.o
      5120         92         82          4         30      51143   ita_car.o
       296          0          0          0          0       2777   main.o
        64         26        392          0       1536        832   startup_stm32f407xx.o
       270          0          0          5          4       7094   stm32f4xx_hal.o
      2148          0          0          0          0      10091   stm32f4xx_hal_adc.o
         8          0          0          0          0       8247   stm32f4xx_hal_adc_ex.o
      2740          0          0          0          0      11534   stm32f4xx_hal_can.o
       482          0          0          0          0       9705   stm32f4xx_hal_cortex.o
      2068          8          8          0          0       8483   stm32f4xx_hal_dma.o
      1042          0          0          0          0       5079   stm32f4xx_hal_gpio.o
       676          0          0          0          0      37576   stm32f4xx_hal_i2c.o
        74          0          0          0          0       1461   stm32f4xx_hal_msp.o
      2646          0          0          0          0       7583   stm32f4xx_hal_rcc.o
      4556         14          0          0          0      36004   stm32f4xx_hal_tim.o
       484          0          0          0          0      15319   stm32f4xx_hal_tim_ex.o
      3912          0          0          0          0      20414   stm32f4xx_hal_uart.o
       330          0          0          0          0       2647   stm32f4xx_it.o
        18          0         24          4          0       2490   system_stm32f4xx.o
      1776         16          4          4       5178      46275   task.o
      3262          0          0          0        792      12499   tim.o
      1524          0          0          0        960       8370   usart.o

    ----------------------------------------------------------------------
     48780        320       3718         20      15316     595815   Object Totals
         0          0         32          0          0          0   (incl. Generated)
       272          0          0          3         23          0   (incl. Padding)

    ----------------------------------------------------------------------

      Code (inc. data)   RO Data    RW Data    ZI Data      Debug   Library Member Name

         8          0          0          0          0         68   __main.o
         0          0          0          0          0          0   __rtentry.o
        12          0          0          0          0          0   __rtentry2.o
         6          0          0          0          0          0   __rtentry4.o
        94          8          0          0          0          0   __scatter.o
        26          0          0          0          0          0   __scatter_copy.o
        28          0          0          0          0          0   __scatter_zi.o
        22          0          0          0          0        100   _rserrno.o
        22          0          0          0          0         80   abort.o
        48         34          0          0          0         76   defsig_abrt_inner.o
        14          0          0          0          0         80   defsig_abrt_outer.o
        10          0          0          0          0         68   defsig_exit.o
        50          0          0          0          0         88   defsig_general.o
        18          0          0          0          0         80   exit.o
         6          0          0          0          0        152   heapauxi.o
         0          0          0          0          0          0   indicate_semi.o
        44          8          0          0          0         80   init_aeabi.o
         2          0          0          0          0          0   libinit.o
        10          0          0          0          0          0   libinit2.o
         2          0          0          0          0          0   libshutdown.o
         2          0          0          0          0          0   libshutdown2.o
         8          4          0          0         96         68   libspace.o
       240          0          0          0          0        100   lludivv7m.o
         8          4          0          0          0         68   rt_errno_addr_intlibspace.o
        78          0          0          0          0         80   rt_memclr_w.o
       138          0          0          0          0         68   rt_memcpy_v6.o
       100          0          0          0          0         80   rt_memcpy_w.o
         2          0          0          0          0          0   rtexit.o
        10          0          0          0          0          0   rtexit2.o
        12          4          0          0          0         68   sys_exit.o
        74          0          0          0          0         80   sys_stackheap_outer.o
        14          0          0          0          0         76   sys_wrch.o
         2          0          0          0          0         68   use_no_semi.o
        24          0          0          0          0        164   basic.o
        98          4          0          0          0        140   d2f.o
       834         16          0          0          0        516   daddsub_clz.o
        16          4          0          0          0        116   dcheck1.o
        24          0          0          0          0        116   dcmpi.o
       692        140          0          0          0        264   ddiv.o
        46          0          0          0          0        116   dflt_clz.o
       120          4          0          0          0        140   dleqf.o
       340         12          0          0          0        152   dmul.o
       156          4          0          0          0        140   dnaninf.o
        12          0          0          0          0        116   dretinf.o
       108          0          0          0          0        128   drleqf.o
       408         56          0          0          0        168   dsqrt_umaal.o
        86          4          0          0          0        132   f2d.o
       140          4          0          0          0        132   fnaninf.o
        26          0          0          0          0        116   fpinit.o
        10          0          0          0          0        116   fretinf.o
       100          0          0          0          0        116   retnan.o
        92          0          0          0          0        116   scalbn.o
        48          0          0          0          0        116   trapv.o
         0          0          0          0          0          0   usenofp.o
         4          0          0          0          0         36   abort_message.cpp.o
        52          0        147          0          0         76   cxa_guard.cpp.o
       164         44          0          0          0        620   dunder.o
        24          0          0          0          0        124   fabs.o
        48          0          0          0          0        124   fpclassify.o
       248          0          0          0          0        152   poly.o
      3168        296        136          0          0        352   pow.o
         0          0          8          0          0          0   qnan.o
       110          0          0          0          0        148   sqrt.o
        58          0          0          0          0        136   sqrtf.o

    ----------------------------------------------------------------------
      8404        650        294          0         96       6516   Library Totals
        38          0          3          0          0          0   (incl. Padding)

    ----------------------------------------------------------------------

      Code (inc. data)   RO Data    RW Data    ZI Data      Debug   Library Name

      1110         62          0          0         96       1628   c_w.l
      3380        248          0          0          0       3120   fz_wm.l
        56          0        147          0          0        112   libcppabi_w.l
      3820        340        144          0          0       1656   m_wm.l

    ----------------------------------------------------------------------
      8404        650        294          0         96       6516   Library Totals

    ----------------------------------------------------------------------

==============================================================================


      Code (inc. data)   RO Data    RW Data    ZI Data      Debug   

     57184        970       4012         20      15412     597587   Grand Totals
     57184        970       4012         20      15412     597587   ELF Image Totals
     57184        970       4012         20          0          0   ROM Totals

==============================================================================

    Total RO  Size (Code + RO Data)                61196 (  59.76kB)
    Total RW  Size (RW Data + ZI Data)             15432 (  15.07kB)
    Total ROM Size (Code + RO Data + RW Data)      61216 (  59.78kB)

==============================================================================

